******************************************************************************
                  TI ARM Linker PC v20.2.5                     
******************************************************************************
>> Linked Mon Dec  6 14:08:14 2021

OUTPUT FILE NAME:   <pwm.out>
ENTRY POINT SYMBOL: "_c_int00_noargs"  address: 00002575


MEMORY CONFIGURATION

         name            origin    length      used     unused   attr    fill
----------------------  --------  ---------  --------  --------  ----  --------
  MAIN                  00000000   00040000  000029b0  0003d650  R  X
  INFO                  00200000   00004000  00000000  00004000  R  X
  SRAM_CODE             01000000   00010000  0000020b  0000fdf5  RW X
  SRAM_DATA             20000000   00010000  0000020b  0000fdf5  RW  


SEGMENT ALLOCATION MAP

run origin  load origin   length   init length attrs members
----------  ----------- ---------- ----------- ----- -------
00000000    00000000    000029b0   000029b0    r-x
  00000000    00000000    000000e4   000000e4    r-- .intvecs
  000000e4    000000e4    00002788   00002788    r-x .text
  0000286c    0000286c    00000114   00000114    r-- .const
  00002980    00002980    00000030   00000030    r-- .cinit
20000000    20000000    0000000c   00000000    rw-
  20000000    20000000    00000007   00000000    rw- .bss
  20000008    20000008    00000004   00000000    rw- .data
2000fe00    2000fe00    00000200   00000000    rw-
  2000fe00    2000fe00    00000200   00000000    rw- .stack


SECTION ALLOCATION MAP

 output                                  attributes/
section   page    origin      length       input sections
--------  ----  ----------  ----------   ----------------
.intvecs   0    00000000    000000e4     
                  00000000    000000e4     startup_msp432p401r_ccs.obj (.intvecs:retain)

.text      0    000000e4    00002788     
                  000000e4    00000c5c     msprf24.obj (.text)
                  00000d40    000003cc     main.obj (.text)
                  0000110c    00000334     system_msp432p401r.obj (.text)
                  00001440    0000028a     msp432p4xx_driverlib.lib : pcm.o (.text:__PCM_setPowerStateAdvanced)
                  000016ca    00000002     --HOLE-- [fill = 0]
                  000016cc    00000160                              : adc14.o (.text:_getIndexForMemRegister)
                  0000182c    0000015c                              : pcm.o (.text:__PCM_setPowerModeAdvanced)
                  00001988    00000158     rtsv7M4_T_le_v4SPD16_eabi.lib : e_atan2f.c.obj (.text:atan2f)
                  00001ae0    00000150                                   : s_atanf.c.obj (.text:atanf)
                  00001c30    00000108     msp432p4xx_driverlib.lib : pcm.o (.text:__PCM_setCoreVoltageLevelAdvanced)
                  00001d38    000000b4                              : adc14.o (.text:ADC14_configureConversionMemory)
                  00001dec    000000b4                              : adc14.o (.text:ADC14_configureMultiSequenceMode)
                  00001ea0    000000b0                              : spi.o (.text:SPI_initMaster)
                  00001f50    0000009c     rtsv7M4_T_le_v4SPD16_eabi.lib : memcpy_t2.asm.obj (.text)
                  00001fec    00000088     msp432p4xx_driverlib.lib : gpio.o (.text:GPIO_setAsPeripheralModuleFunctionInputPin)
                  00002074    00000088                              : gpio.o (.text:GPIO_setAsPeripheralModuleFunctionOutputPin)
                  000020fc    00000084                              : pcm.o (.text:PCM_gotoLPM3)
                  00002180    00000080                              : interrupt.o (.text:Interrupt_enableInterrupt)
                  00002200    0000007a     rtsv7M4_T_le_v4SPD16_eabi.lib : memset_t2.asm.obj (.text)
                  0000227a    00000068                                   : copy_decompress_lzss.c.obj (.text:decompress:lzss:__TI_decompress_lzss)
                  000022e2    0000005e     msp432p4xx_driverlib.lib : pcm.o (.text:PCM_getCoreVoltageLevel)
                  00002340    0000005a                              : pcm.o (.text:PCM_getPowerMode)
                  0000239a    00000002     --HOLE-- [fill = 0]
                  0000239c    00000054                              : adc14.o (.text:ADC14_initModule)
                  000023f0    00000054                              : pcm.o (.text:PCM_shutdownDevice)
                  00002444    00000044     rtsv7M4_T_le_v4SPD16_eabi.lib : autoinit.c.obj (.text:__TI_auto_init_nobinit_nopinit:__TI_auto_init_nobinit_nopinit)
                  00002488    00000040     msp432p4xx_driverlib.lib : gpio.o (.text:GPIO_setAsOutputPin)
                  000024c8    00000040                              : spi.o (.text:is_A_Module)
                  00002508    00000038                              : adc14.o (.text:ADC14_getEnabledInterruptStatus)
                  00002540    00000034                              : adc14.o (.text:ADC14_enableSampleTimer)
                  00002574    00000034     rtsv7M4_T_le_v4SPD16_eabi.lib : boot_cortex_m.c.obj (.text:_c_int00_noargs:_c_int00_noargs)
                  000025a8    00000030     msp432p4xx_driverlib.lib : adc14.o (.text:ADC14_clearInterruptFlag)
                  000025d8    00000030                              : adc14.o (.text:ADC14_enableInterrupt)
                  00002608    0000002c                              : adc14.o (.text:ADC14_getInterruptStatus)
                  00002634    0000002c                              : adc14.o (.text:ADC14_toggleConversionTrigger)
                  00002660    0000002c                              : rtc_c.o (.text:RTC_C_holdClock)
                  0000268c    00000028                              : adc14.o (.text:ADC14_enableConversion)
                  000026b4    00000028                              : adc14.o (.text:ADC14_getResult)
                  000026dc    00000028                              : gpio.o (.text:GPIO_toggleOutputOnPin)
                  00002704    00000028                              : pcm.o (.text:PCM_gotoLPM0)
                  0000272c    00000024                              : wdt_a.o (.text:WDT_A_holdTimer)
                  00002750    0000001c                              : spi.o (.text:SPI_enableModule)
                  0000276c    0000001c     rtsv7M4_T_le_v4SPD16_eabi.lib : copy_zero_init.c.obj (.text:decompress:ZI:__TI_zero_init_nomemset:__TI_zero_init_nomemset)
                  00002788    00000016     msp432p4xx_driverlib.lib : spi.o (.text:EUSCI_A_SPI_enable)
                  0000279e    00000016                              : spi.o (.text:EUSCI_B_SPI_enable)
                  000027b4    00000014                              : pcm.o (.text:PCM_getPowerState)
                  000027c8    00000010                              : adc14.o (.text:ADCIsConversionRunning)
                  000027d8    00000010                              : interrupt.o (.text:Interrupt_enableMaster)
                  000027e8    00000010                              : pcm.o (.text:PCM_gotoLPM4)
                  000027f8    00000010                              : pcm.o (.text:PCM_setPowerMode)
                  00002808    00000010                              : pcm.o (.text:PCM_setPowerState)
                  00002818    00000010     msprf24.obj (.text:_msprf24_crc_mask)
                  00002828    0000000e     rtsv7M4_T_le_v4SPD16_eabi.lib : copy_decompress_none.c.obj (.text:decompress:none:__TI_decompress_none)
                  00002836    0000000e     startup_msp432p401r_ccs.obj (.text)
                  00002844    0000000c     msp432p4xx_driverlib.lib : adc14.o (.text:ADC14_enableModule)
                  00002850    0000000c                              : cpu.o (.text:CPU_cpsie)
                  0000285c    00000004                              : cpu.o (.text:CPU_wfi)
                  00002860    00000004     msprf24.obj (.text:_msprf24_irq_mask)
                  00002864    00000004     rtsv7M4_T_le_v4SPD16_eabi.lib : pre_init.c.obj (.text:_system_pre_init)
                  00002868    00000004                                   : exit.c.obj (.text:abort:abort)

.const     0    0000286c    00000114     
                  0000286c    00000080     msp432p4xx_driverlib.lib : adc14.o (.const:_ctlRegs)
                  000028ec    00000034     rtsv7M4_T_le_v4SPD16_eabi.lib : s_atanf.c.obj (.const:$O1$$)
                  00002920    00000030     msp432p4xx_driverlib.lib : gpio.o (.const:GPIO_PORT_TO_BASE)
                  00002950    0000001c     main.obj (.const:spiMasterConfig)
                  0000296c    00000008     msp432p4xx_driverlib.lib : interrupt.o (.const:g_pulEnRegs)
                  00002974    00000005     main.obj (.const:.string:$P$T0$1)
                  00002979    00000003     --HOLE-- [fill = 0]
                  0000297c    00000004     main.obj (.const)

.cinit     0    00002980    00000030     
                  00002980    0000000c     (__TI_handler_table)
                  0000298c    00000004     --HOLE-- [fill = 0]
                  00002990    00000008     (.cinit..bss.load) [load image, compression = zero_init]
                  00002998    00000008     (.cinit..data.load) [load image, compression = lzss]
                  000029a0    00000010     (__TI_cinit_table)

.init_array 
*          0    00000000    00000000     UNINITIALIZED

.binit     0    00000000    00000000     

.bss       0    20000000    00000007     UNINITIALIZED
                  20000000    00000001     (.common:rf_addr_width)
                  20000001    00000001     (.common:rf_channel)
                  20000002    00000001     (.common:rf_crc)
                  20000003    00000001     (.common:rf_feature)
                  20000004    00000001     (.common:rf_irq)
                  20000005    00000001     (.common:rf_speed_power)
                  20000006    00000001     (.common:rf_status)

.data      0    20000008    00000004     UNINITIALIZED
                  20000008    00000004     system_msp432p401r.obj (.data)

.stack     0    2000fe00    00000200     UNINITIALIZED
                  2000fe00    00000004     rtsv7M4_T_le_v4SPD16_eabi.lib : boot_cortex_m.c.obj (.stack)
                  2000fe04    000001fc     --HOLE--

__llvm_prf_cnts 
*          0    20000000    00000000     UNINITIALIZED

MODULE SUMMARY

       Module                        code    ro data   rw data
       ------                        ----    -------   -------
    .\
       msprf24.obj                   3184    0         14     
       main.obj                      972     37        0      
       system_msp432p401r.obj        820     0         8      
       startup_msp432p401r_ccs.obj   14      228       0      
    +--+-----------------------------+-------+---------+---------+
       Total:                        4990    265       22     
                                                              
    D:/TI/ccs1040/driverlib/simplelink_msp432p4_sdk_3_40_01_02/simplelink_msp432p4_sdk_3_40_01_02/source/ti/devices/msp432p4xx/driverlib/ccs/msp432p4xx_driverlib.lib
       pcm.o                         1770    0         0      
       adc14.o                       1196    128       0      
       gpio.o                        376     48        0      
       spi.o                         312     0         0      
       interrupt.o                   144     8         0      
       rtc_c.o                       44      0         0      
       wdt_a.o                       36      0         0      
       cpu.o                         16      0         0      
    +--+-----------------------------+-------+---------+---------+
       Total:                        3894    184       0      
                                                              
    D:\TI\ccs1040\ccs\tools\compiler\ti-cgt-arm_20.2.5.LTS\lib\rtsv7M4_T_le_v4SPD16_eabi.lib
       s_atanf.c.obj                 336     52        0      
       e_atan2f.c.obj                344     0         0      
       memcpy_t2.asm.obj             156     0         0      
       memset_t2.asm.obj             122     0         0      
       copy_decompress_lzss.c.obj    104     0         0      
       autoinit.c.obj                68      0         0      
       boot_cortex_m.c.obj           52      0         0      
       copy_zero_init.c.obj          28      0         0      
       copy_decompress_none.c.obj    14      0         0      
       exit.c.obj                    4       0         0      
       pre_init.c.obj                4       0         0      
    +--+-----------------------------+-------+---------+---------+
       Total:                        1232    52        0      
                                                              
       Stack:                        0       0         1024   
       Linker Generated:             0       44        0      
    +--+-----------------------------+-------+---------+---------+
       Grand Total:                  10116   545       1046   


LINKER GENERATED COPY TABLES

__TI_cinit_table @ 000029a0 records: 2, size/record: 8, table size: 16
	.bss: load addr=00002990, load size=00000008 bytes, run addr=20000000, run size=00000007 bytes, compression=zero_init
	.data: load addr=00002998, load size=00000008 bytes, run addr=20000008, run size=00000004 bytes, compression=lzss


LINKER GENERATED HANDLER TABLE

__TI_handler_table @ 00002980 records: 3, size/record: 4, table size: 12
	index: 0, handler: __TI_decompress_lzss
	index: 1, handler: __TI_decompress_none
	index: 2, handler: __TI_zero_init


GLOBAL SYMBOLS: SORTED ALPHABETICALLY BY Name 

address   name                                       
-------   ----                                       
0000104d  ADC14_IRQHandler                           
0000104d  ADC14_IRQHandler                           
000025a9  ADC14_clearInterruptFlag                   
00001d39  ADC14_configureConversionMemory            
00001ded  ADC14_configureMultiSequenceMode           
0000268d  ADC14_enableConversion                     
000025d9  ADC14_enableInterrupt                      
00002845  ADC14_enableModule                         
00002541  ADC14_enableSampleTimer                    
00002509  ADC14_getEnabledInterruptStatus            
00002609  ADC14_getInterruptStatus                   
000026b5  ADC14_getResult                            
0000239d  ADC14_initModule                           
00002635  ADC14_toggleConversionTrigger              
0000297c  ADC_SLOPE                                  
00002843  AES256_IRQHandler                          
00002843  BusFault_Handler                           
00002869  C$$EXIT                                    
00002843  COMP_E0_IRQHandler                         
00002843  COMP_E1_IRQHandler                         
00002851  CPU_cpsie                                  
0000285d  CPU_wfi                                    
00002843  CS_IRQHandler                              
00002843  DMA_ERR_IRQHandler                         
00002843  DMA_INT0_IRQHandler                        
00002843  DMA_INT1_IRQHandler                        
00002843  DMA_INT2_IRQHandler                        
00002843  DMA_INT3_IRQHandler                        
00002843  DebugMon_Handler                           
00002843  Default_Handler                            
00002843  EUSCIA0_IRQHandler                         
00002843  EUSCIA1_IRQHandler                         
00002843  EUSCIA2_IRQHandler                         
00002843  EUSCIA3_IRQHandler                         
00002843  EUSCIB0_IRQHandler                         
00002843  EUSCIB1_IRQHandler                         
00002843  EUSCIB2_IRQHandler                         
00002843  EUSCIB3_IRQHandler                         
00002789  EUSCI_A_SPI_enable                         
0000279f  EUSCI_B_SPI_enable                         
00002843  FLCTL_IRQHandler                           
00002843  FPU_IRQHandler                             
00002489  GPIO_setAsOutputPin                        
00001fed  GPIO_setAsPeripheralModuleFunctionInputPin 
00002075  GPIO_setAsPeripheralModuleFunctionOutputPin
000026dd  GPIO_toggleOutputOnPin                     
00002843  HardFault_Handler                          
00002181  Interrupt_enableInterrupt                  
000027d9  Interrupt_enableMaster                     
00002843  MemManage_Handler                          
00002843  NMI_Handler                                
00002843  PCM_IRQHandler                             
000022e3  PCM_getCoreVoltageLevel                    
00002341  PCM_getPowerMode                           
000027b5  PCM_getPowerState                          
00002705  PCM_gotoLPM0                               
000020fd  PCM_gotoLPM3                               
000027e9  PCM_gotoLPM4                               
000027f9  PCM_setPowerMode                           
00002809  PCM_setPowerState                          
000023f1  PCM_shutdownDevice                         
00002843  PORT1_IRQHandler                           
00002843  PORT2_IRQHandler                           
00000d0b  PORT3_IRQHandler                           
00000d0b  PORT3_IRQHandler                           
00002843  PORT4_IRQHandler                           
00002843  PORT5_IRQHandler                           
00002843  PORT6_IRQHandler                           
00002843  PSS_IRQHandler                             
00002843  PendSV_Handler                             
00002843  RTC_C_IRQHandler                           
00002661  RTC_C_holdClock                            
00002837  Reset_Handler                              
00002751  SPI_enableModule                           
00001ea1  SPI_initMaster                             
00002843  SVC_Handler                                
00002843  SysTick_Handler                            
20000008  SystemCoreClock                            
0000110d  SystemCoreClockUpdate                      
00001385  SystemInit                                 
00002843  T32_INT1_IRQHandler                        
00002843  T32_INT2_IRQHandler                        
00002843  T32_INTC_IRQHandler                        
00002843  TA0_0_IRQHandler                           
00002843  TA0_N_IRQHandler                           
00002843  TA1_0_IRQHandler                           
00002843  TA1_N_IRQHandler                           
00002843  TA2_0_IRQHandler                           
00002843  TA2_N_IRQHandler                           
00002843  TA3_0_IRQHandler                           
00002843  TA3_N_IRQHandler                           
00002843  UsageFault_Handler                         
4000480c  WDTCTL_SYM                                 
00002843  WDT_A_IRQHandler                           
0000272d  WDT_A_holdTimer                            
20010000  __STACK_END                                
00000200  __STACK_SIZE                               
000029a0  __TI_CINIT_Base                            
000029b0  __TI_CINIT_Limit                           
00002980  __TI_Handler_Table_Base                    
0000298c  __TI_Handler_Table_Limit                   
00002445  __TI_auto_init_nobinit_nopinit             
0000227b  __TI_decompress_lzss                       
00002829  __TI_decompress_none                       
ffffffff  __TI_pprof_out_hndl                        
ffffffff  __TI_prof_data_size                        
ffffffff  __TI_prof_data_start                       
00000000  __TI_static_base__                         
0000276d  __TI_zero_init_nomemset                    
00002201  __aeabi_memclr                             
00002201  __aeabi_memclr4                            
00002201  __aeabi_memclr8                            
00001f51  __aeabi_memcpy                             
00001f51  __aeabi_memcpy4                            
00001f51  __aeabi_memcpy8                            
00002203  __aeabi_memset                             
00002203  __aeabi_memset4                            
00002203  __aeabi_memset8                            
ffffffff  __binit__                                  
ffffffff  __c_args__                                 
UNDEFED   __mpu_init                                 
2000fe00  __stack                                    
20000000  __start___llvm_prf_cnts                    
20000000  __stop___llvm_prf_cnts                     
00002575  _c_int00_noargs                            
00002819  _msprf24_crc_mask                          
00002861  _msprf24_irq_mask                          
UNDEFED   _system_post_cinit                         
00002865  _system_pre_init                           
00002869  abort                                      
00000ddd  adc_init                                   
00001989  atan2f                                     
00001ae1  atanf                                      
ffffffff  binit                                      
00000e5d  comm_init                                  
000004a3  flush_rx                                   
00000481  flush_tx                                   
00000000  interruptVectors                           
00000ead  main                                       
00001f51  memcpy                                     
00002209  memset                                     
00000b5f  msprf24_activate_rx                        
00000b83  msprf24_activate_tx                        
0000071b  msprf24_close_pipe                         
00000777  msprf24_close_pipe_all                     
00000aa5  msprf24_current_state                      
000006eb  msprf24_disable_feature                    
000006b1  msprf24_enable_feature                     
00000c55  msprf24_get_irq_reason                     
000009bb  msprf24_get_last_retransmits               
000009c9  msprf24_get_lostpackets                    
000005d1  msprf24_init                               
00000c95  msprf24_irq_clear                          
000009d7  msprf24_is_alive                           
0000079d  msprf24_open_pipe                          
00000817  msprf24_pipe_isopen                        
00000b01  msprf24_powerdown                          
00000b97  msprf24_queue_state                        
00000c21  msprf24_rx_pending                         
00000ba1  msprf24_scan                               
00000a7f  msprf24_set_address_width                  
00000a5f  msprf24_set_channel                        
00000a01  msprf24_set_config                         
00000853  msprf24_set_pipe_packetsize                
00000991  msprf24_set_retransmit_count               
000008f5  msprf24_set_retransmit_delay               
00000a31  msprf24_set_speed_power                    
00000b1d  msprf24_standby                            
00000efb  processAccelData                           
000004eb  pulse_ce                                   
000000e5  r_reg                                      
000003b9  r_rx_payload                               
0000037d  r_rx_peek_payload_size                     
20000000  rf_addr_width                              
20000001  rf_channel                                 
20000002  rf_crc                                     
20000003  rf_feature                                 
20000004  rf_irq                                     
20000005  rf_speed_power                             
20000006  rf_status                                  
00002950  spiMasterConfig                            
00000dad  spi_init                                   
00000d41  spi_transfer                               
00000d63  spi_transfer16                             
000004c9  tx_reuse_lastpayload                       
0000050d  w_ack_payload                              
0000012f  w_reg                                      
000001c3  w_rx_addr                                  
0000017b  w_tx_addr                                  
00000239  w_tx_payload                               
000002d7  w_tx_payload_noack                         


GLOBAL SYMBOLS: SORTED BY Symbol Address 

address   name                                       
-------   ----                                       
00000000  __TI_static_base__                         
00000000  interruptVectors                           
000000e5  r_reg                                      
0000012f  w_reg                                      
0000017b  w_tx_addr                                  
000001c3  w_rx_addr                                  
00000200  __STACK_SIZE                               
00000239  w_tx_payload                               
000002d7  w_tx_payload_noack                         
0000037d  r_rx_peek_payload_size                     
000003b9  r_rx_payload                               
00000481  flush_tx                                   
000004a3  flush_rx                                   
000004c9  tx_reuse_lastpayload                       
000004eb  pulse_ce                                   
0000050d  w_ack_payload                              
000005d1  msprf24_init                               
000006b1  msprf24_enable_feature                     
000006eb  msprf24_disable_feature                    
0000071b  msprf24_close_pipe                         
00000777  msprf24_close_pipe_all                     
0000079d  msprf24_open_pipe                          
00000817  msprf24_pipe_isopen                        
00000853  msprf24_set_pipe_packetsize                
000008f5  msprf24_set_retransmit_delay               
00000991  msprf24_set_retransmit_count               
000009bb  msprf24_get_last_retransmits               
000009c9  msprf24_get_lostpackets                    
000009d7  msprf24_is_alive                           
00000a01  msprf24_set_config                         
00000a31  msprf24_set_speed_power                    
00000a5f  msprf24_set_channel                        
00000a7f  msprf24_set_address_width                  
00000aa5  msprf24_current_state                      
00000b01  msprf24_powerdown                          
00000b1d  msprf24_standby                            
00000b5f  msprf24_activate_rx                        
00000b83  msprf24_activate_tx                        
00000b97  msprf24_queue_state                        
00000ba1  msprf24_scan                               
00000c21  msprf24_rx_pending                         
00000c55  msprf24_get_irq_reason                     
00000c95  msprf24_irq_clear                          
00000d0b  PORT3_IRQHandler                           
00000d0b  PORT3_IRQHandler                           
00000d41  spi_transfer                               
00000d63  spi_transfer16                             
00000dad  spi_init                                   
00000ddd  adc_init                                   
00000e5d  comm_init                                  
00000ead  main                                       
00000efb  processAccelData                           
0000104d  ADC14_IRQHandler                           
0000104d  ADC14_IRQHandler                           
0000110d  SystemCoreClockUpdate                      
00001385  SystemInit                                 
00001989  atan2f                                     
00001ae1  atanf                                      
00001d39  ADC14_configureConversionMemory            
00001ded  ADC14_configureMultiSequenceMode           
00001ea1  SPI_initMaster                             
00001f51  __aeabi_memcpy                             
00001f51  __aeabi_memcpy4                            
00001f51  __aeabi_memcpy8                            
00001f51  memcpy                                     
00001fed  GPIO_setAsPeripheralModuleFunctionInputPin 
00002075  GPIO_setAsPeripheralModuleFunctionOutputPin
000020fd  PCM_gotoLPM3                               
00002181  Interrupt_enableInterrupt                  
00002201  __aeabi_memclr                             
00002201  __aeabi_memclr4                            
00002201  __aeabi_memclr8                            
00002203  __aeabi_memset                             
00002203  __aeabi_memset4                            
00002203  __aeabi_memset8                            
00002209  memset                                     
0000227b  __TI_decompress_lzss                       
000022e3  PCM_getCoreVoltageLevel                    
00002341  PCM_getPowerMode                           
0000239d  ADC14_initModule                           
000023f1  PCM_shutdownDevice                         
00002445  __TI_auto_init_nobinit_nopinit             
00002489  GPIO_setAsOutputPin                        
00002509  ADC14_getEnabledInterruptStatus            
00002541  ADC14_enableSampleTimer                    
00002575  _c_int00_noargs                            
000025a9  ADC14_clearInterruptFlag                   
000025d9  ADC14_enableInterrupt                      
00002609  ADC14_getInterruptStatus                   
00002635  ADC14_toggleConversionTrigger              
00002661  RTC_C_holdClock                            
0000268d  ADC14_enableConversion                     
000026b5  ADC14_getResult                            
000026dd  GPIO_toggleOutputOnPin                     
00002705  PCM_gotoLPM0                               
0000272d  WDT_A_holdTimer                            
00002751  SPI_enableModule                           
0000276d  __TI_zero_init_nomemset                    
00002789  EUSCI_A_SPI_enable                         
0000279f  EUSCI_B_SPI_enable                         
000027b5  PCM_getPowerState                          
000027d9  Interrupt_enableMaster                     
000027e9  PCM_gotoLPM4                               
000027f9  PCM_setPowerMode                           
00002809  PCM_setPowerState                          
00002819  _msprf24_crc_mask                          
00002829  __TI_decompress_none                       
00002837  Reset_Handler                              
00002843  AES256_IRQHandler                          
00002843  BusFault_Handler                           
00002843  COMP_E0_IRQHandler                         
00002843  COMP_E1_IRQHandler                         
00002843  CS_IRQHandler                              
00002843  DMA_ERR_IRQHandler                         
00002843  DMA_INT0_IRQHandler                        
00002843  DMA_INT1_IRQHandler                        
00002843  DMA_INT2_IRQHandler                        
00002843  DMA_INT3_IRQHandler                        
00002843  DebugMon_Handler                           
00002843  Default_Handler                            
00002843  EUSCIA0_IRQHandler                         
00002843  EUSCIA1_IRQHandler                         
00002843  EUSCIA2_IRQHandler                         
00002843  EUSCIA3_IRQHandler                         
00002843  EUSCIB0_IRQHandler                         
00002843  EUSCIB1_IRQHandler                         
00002843  EUSCIB2_IRQHandler                         
00002843  EUSCIB3_IRQHandler                         
00002843  FLCTL_IRQHandler                           
00002843  FPU_IRQHandler                             
00002843  HardFault_Handler                          
00002843  MemManage_Handler                          
00002843  NMI_Handler                                
00002843  PCM_IRQHandler                             
00002843  PORT1_IRQHandler                           
00002843  PORT2_IRQHandler                           
00002843  PORT4_IRQHandler                           
00002843  PORT5_IRQHandler                           
00002843  PORT6_IRQHandler                           
00002843  PSS_IRQHandler                             
00002843  PendSV_Handler                             
00002843  RTC_C_IRQHandler                           
00002843  SVC_Handler                                
00002843  SysTick_Handler                            
00002843  T32_INT1_IRQHandler                        
00002843  T32_INT2_IRQHandler                        
00002843  T32_INTC_IRQHandler                        
00002843  TA0_0_IRQHandler                           
00002843  TA0_N_IRQHandler                           
00002843  TA1_0_IRQHandler                           
00002843  TA1_N_IRQHandler                           
00002843  TA2_0_IRQHandler                           
00002843  TA2_N_IRQHandler                           
00002843  TA3_0_IRQHandler                           
00002843  TA3_N_IRQHandler                           
00002843  UsageFault_Handler                         
00002843  WDT_A_IRQHandler                           
00002845  ADC14_enableModule                         
00002851  CPU_cpsie                                  
0000285d  CPU_wfi                                    
00002861  _msprf24_irq_mask                          
00002865  _system_pre_init                           
00002869  C$$EXIT                                    
00002869  abort                                      
00002950  spiMasterConfig                            
0000297c  ADC_SLOPE                                  
00002980  __TI_Handler_Table_Base                    
0000298c  __TI_Handler_Table_Limit                   
000029a0  __TI_CINIT_Base                            
000029b0  __TI_CINIT_Limit                           
20000000  __start___llvm_prf_cnts                    
20000000  __stop___llvm_prf_cnts                     
20000000  rf_addr_width                              
20000001  rf_channel                                 
20000002  rf_crc                                     
20000003  rf_feature                                 
20000004  rf_irq                                     
20000005  rf_speed_power                             
20000006  rf_status                                  
20000008  SystemCoreClock                            
2000fe00  __stack                                    
20010000  __STACK_END                                
4000480c  WDTCTL_SYM                                 
ffffffff  __TI_pprof_out_hndl                        
ffffffff  __TI_prof_data_size                        
ffffffff  __TI_prof_data_start                       
ffffffff  __binit__                                  
ffffffff  __c_args__                                 
ffffffff  binit                                      
UNDEFED   __mpu_init                                 
UNDEFED   _system_post_cinit                         

[191 symbols]
