<?xml version="1.0" encoding="ISO-8859-1" ?>
<link_info>
   <banner>TI ARM Linker PC v20.2.5.LTS</banner>
   <copyright>Copyright (c) 1996-2018 Texas Instruments Incorporated</copyright>
   <link_time>0x61ee788a</link_time>
   <link_errors>0x0</link_errors>
   <output_file>pwm.out</output_file>
   <entry_point>
      <name>_c_int00_noargs</name>
      <address>0x39cd</address>
   </entry_point>
   <input_file_list>
      <input_file id="fl-2">
         <path>.\</path>
         <kind>object</kind>
         <file>main.obj</file>
         <name>main.obj</name>
      </input_file>
      <input_file id="fl-3">
         <path>.\</path>
         <kind>object</kind>
         <file>msprf24.obj</file>
         <name>msprf24.obj</name>
      </input_file>
      <input_file id="fl-4">
         <path>.\</path>
         <kind>object</kind>
         <file>startup_msp432p401r_ccs.obj</file>
         <name>startup_msp432p401r_ccs.obj</name>
      </input_file>
      <input_file id="fl-5">
         <path>.\</path>
         <kind>object</kind>
         <file>system_msp432p401r.obj</file>
         <name>system_msp432p401r.obj</name>
      </input_file>
      <input_file id="fl-6">
         <path>.\LcdDriver\</path>
         <kind>object</kind>
         <file>Crystalfontz128x128_ST7735.obj</file>
         <name>Crystalfontz128x128_ST7735.obj</name>
      </input_file>
      <input_file id="fl-7">
         <path>.\LcdDriver\</path>
         <kind>object</kind>
         <file>HAL_MSP_EXP432P401R_Crystalfontz128x128_ST7735.obj</file>
         <name>HAL_MSP_EXP432P401R_Crystalfontz128x128_ST7735.obj</name>
      </input_file>
      <input_file id="fl-d">
         <kind>object</kind>
         <file>&lt;internal&gt;</file>
         <name>&lt;internal&gt;</name>
      </input_file>
      <input_file id="fl-c3">
         <path>D:\TI\ccs1040\ccs\tools\compiler\ti-cgt-arm_20.2.5.LTS\lib\</path>
         <kind>archive</kind>
         <file>rtsv7M4_T_le_v4SPD16_eabi.lib</file>
         <name>e_atan2f.c.obj</name>
      </input_file>
      <input_file id="fl-c4">
         <path>D:\TI\ccs1040\ccs\tools\compiler\ti-cgt-arm_20.2.5.LTS\lib\</path>
         <kind>archive</kind>
         <file>rtsv7M4_T_le_v4SPD16_eabi.lib</file>
         <name>s_atanf.c.obj</name>
      </input_file>
      <input_file id="fl-c5">
         <path>D:\TI\ccs1040\ccs\tools\compiler\ti-cgt-arm_20.2.5.LTS\lib\</path>
         <kind>archive</kind>
         <file>rtsv7M4_T_le_v4SPD16_eabi.lib</file>
         <name>memset_t2.asm.obj</name>
      </input_file>
      <input_file id="fl-c6">
         <path>D:\TI\ccs1040\ccs\tools\compiler\ti-cgt-arm_20.2.5.LTS\lib\</path>
         <kind>archive</kind>
         <file>rtsv7M4_T_le_v4SPD16_eabi.lib</file>
         <name>copy_zero_init.c.obj</name>
      </input_file>
      <input_file id="fl-c7">
         <path>D:\TI\ccs1040\ccs\tools\compiler\ti-cgt-arm_20.2.5.LTS\lib\</path>
         <kind>archive</kind>
         <file>rtsv7M4_T_le_v4SPD16_eabi.lib</file>
         <name>copy_decompress_none.c.obj</name>
      </input_file>
      <input_file id="fl-c8">
         <path>D:\TI\ccs1040\ccs\tools\compiler\ti-cgt-arm_20.2.5.LTS\lib\</path>
         <kind>archive</kind>
         <file>rtsv7M4_T_le_v4SPD16_eabi.lib</file>
         <name>copy_decompress_lzss.c.obj</name>
      </input_file>
      <input_file id="fl-c9">
         <path>D:\TI\ccs1040\ccs\tools\compiler\ti-cgt-arm_20.2.5.LTS\lib\</path>
         <kind>archive</kind>
         <file>rtsv7M4_T_le_v4SPD16_eabi.lib</file>
         <name>strcpy.c.obj</name>
      </input_file>
      <input_file id="fl-ca">
         <path>D:\TI\ccs1040\ccs\tools\compiler\ti-cgt-arm_20.2.5.LTS\lib\</path>
         <kind>archive</kind>
         <file>rtsv7M4_T_le_v4SPD16_eabi.lib</file>
         <name>boot_cortex_m.c.obj</name>
      </input_file>
      <input_file id="fl-cb">
         <path>D:\TI\ccs1040\ccs\tools\compiler\ti-cgt-arm_20.2.5.LTS\lib\</path>
         <kind>archive</kind>
         <file>rtsv7M4_T_le_v4SPD16_eabi.lib</file>
         <name>memcpy_t2.asm.obj</name>
      </input_file>
      <input_file id="fl-cc">
         <path>D:\TI\ccs1040\ccs\tools\compiler\ti-cgt-arm_20.2.5.LTS\lib\</path>
         <kind>archive</kind>
         <file>rtsv7M4_T_le_v4SPD16_eabi.lib</file>
         <name>autoinit.c.obj</name>
      </input_file>
      <input_file id="fl-cd">
         <path>D:\TI\ccs1040\ccs\tools\compiler\ti-cgt-arm_20.2.5.LTS\lib\</path>
         <kind>archive</kind>
         <file>rtsv7M4_T_le_v4SPD16_eabi.lib</file>
         <name>pre_init.c.obj</name>
      </input_file>
      <input_file id="fl-ce">
         <path>D:\TI\ccs1040\ccs\tools\compiler\ti-cgt-arm_20.2.5.LTS\lib\</path>
         <kind>archive</kind>
         <file>rtsv7M4_T_le_v4SPD16_eabi.lib</file>
         <name>cpy_tbl.c.obj</name>
      </input_file>
      <input_file id="fl-cf">
         <path>D:\TI\ccs1040\ccs\tools\compiler\ti-cgt-arm_20.2.5.LTS\lib\</path>
         <kind>archive</kind>
         <file>rtsv7M4_T_le_v4SPD16_eabi.lib</file>
         <name>exit.c.obj</name>
      </input_file>
      <input_file id="fl-d0">
         <path>D:\TI\ccs1040\ccs\tools\compiler\ti-cgt-arm_20.2.5.LTS\lib\</path>
         <kind>archive</kind>
         <file>rtsv7M4_T_le_v4SPD16_eabi.lib</file>
         <name>_lock.c.obj</name>
      </input_file>
      <input_file id="fl-d1">
         <path>D:\TI\ccs1040\ccs\tools\compiler\ti-cgt-arm_20.2.5.LTS\lib\</path>
         <kind>archive</kind>
         <file>rtsv7M4_T_le_v4SPD16_eabi.lib</file>
         <name>args_main.c.obj</name>
      </input_file>
      <input_file id="fl-d2">
         <path>D:\TI\ccs1040\driverlib\simplelink_msp432p4_sdk_3_40_01_02\simplelink_msp432p4_sdk_3_40_01_02\source\ti\grlib\lib\ccs\m4f\</path>
         <kind>archive</kind>
         <file>grlib.a</file>
         <name>context.obj</name>
      </input_file>
      <input_file id="fl-d3">
         <path>D:\TI\ccs1040\driverlib\simplelink_msp432p4_sdk_3_40_01_02\simplelink_msp432p4_sdk_3_40_01_02\source\ti\grlib\lib\ccs\m4f\</path>
         <kind>archive</kind>
         <file>grlib.a</file>
         <name>display.obj</name>
      </input_file>
      <input_file id="fl-d4">
         <path>D:\TI\ccs1040\driverlib\simplelink_msp432p4_sdk_3_40_01_02\simplelink_msp432p4_sdk_3_40_01_02\source\ti\grlib\lib\ccs\m4f\</path>
         <kind>archive</kind>
         <file>grlib.a</file>
         <name>fontfixed6x8.obj</name>
      </input_file>
      <input_file id="fl-d5">
         <path>D:\TI\ccs1040\driverlib\simplelink_msp432p4_sdk_3_40_01_02\simplelink_msp432p4_sdk_3_40_01_02\source\ti\grlib\lib\ccs\m4f\</path>
         <kind>archive</kind>
         <file>grlib.a</file>
         <name>string.obj</name>
      </input_file>
      <input_file id="fl-d6">
         <path>D:\TI\ccs1040\driverlib\simplelink_msp432p4_sdk_3_40_01_02\simplelink_msp432p4_sdk_3_40_01_02\source\ti\grlib\lib\ccs\m4f\</path>
         <kind>archive</kind>
         <file>grlib.a</file>
         <name>line.obj</name>
      </input_file>
      <input_file id="fl-d7">
         <path>D:\TI\ccs1040\driverlib\simplelink_msp432p4_sdk_3_40_01_02\simplelink_msp432p4_sdk_3_40_01_02\source\ti\devices\msp432p4xx\driverlib\ccs\</path>
         <kind>archive</kind>
         <file>msp432p4xx_driverlib.lib</file>
         <name>adc14.o</name>
      </input_file>
      <input_file id="fl-d8">
         <path>D:\TI\ccs1040\driverlib\simplelink_msp432p4_sdk_3_40_01_02\simplelink_msp432p4_sdk_3_40_01_02\source\ti\devices\msp432p4xx\driverlib\ccs\</path>
         <kind>archive</kind>
         <file>msp432p4xx_driverlib.lib</file>
         <name>cs.o</name>
      </input_file>
      <input_file id="fl-d9">
         <path>D:\TI\ccs1040\driverlib\simplelink_msp432p4_sdk_3_40_01_02\simplelink_msp432p4_sdk_3_40_01_02\source\ti\devices\msp432p4xx\driverlib\ccs\</path>
         <kind>archive</kind>
         <file>msp432p4xx_driverlib.lib</file>
         <name>flash.o</name>
      </input_file>
      <input_file id="fl-da">
         <path>D:\TI\ccs1040\driverlib\simplelink_msp432p4_sdk_3_40_01_02\simplelink_msp432p4_sdk_3_40_01_02\source\ti\devices\msp432p4xx\driverlib\ccs\</path>
         <kind>archive</kind>
         <file>msp432p4xx_driverlib.lib</file>
         <name>gpio.o</name>
      </input_file>
      <input_file id="fl-db">
         <path>D:\TI\ccs1040\driverlib\simplelink_msp432p4_sdk_3_40_01_02\simplelink_msp432p4_sdk_3_40_01_02\source\ti\devices\msp432p4xx\driverlib\ccs\</path>
         <kind>archive</kind>
         <file>msp432p4xx_driverlib.lib</file>
         <name>interrupt.o</name>
      </input_file>
      <input_file id="fl-dc">
         <path>D:\TI\ccs1040\driverlib\simplelink_msp432p4_sdk_3_40_01_02\simplelink_msp432p4_sdk_3_40_01_02\source\ti\devices\msp432p4xx\driverlib\ccs\</path>
         <kind>archive</kind>
         <file>msp432p4xx_driverlib.lib</file>
         <name>pcm.o</name>
      </input_file>
      <input_file id="fl-dd">
         <path>D:\TI\ccs1040\driverlib\simplelink_msp432p4_sdk_3_40_01_02\simplelink_msp432p4_sdk_3_40_01_02\source\ti\devices\msp432p4xx\driverlib\ccs\</path>
         <kind>archive</kind>
         <file>msp432p4xx_driverlib.lib</file>
         <name>rtc_c.o</name>
      </input_file>
      <input_file id="fl-de">
         <path>D:\TI\ccs1040\driverlib\simplelink_msp432p4_sdk_3_40_01_02\simplelink_msp432p4_sdk_3_40_01_02\source\ti\devices\msp432p4xx\driverlib\ccs\</path>
         <kind>archive</kind>
         <file>msp432p4xx_driverlib.lib</file>
         <name>spi.o</name>
      </input_file>
      <input_file id="fl-df">
         <path>D:\TI\ccs1040\driverlib\simplelink_msp432p4_sdk_3_40_01_02\simplelink_msp432p4_sdk_3_40_01_02\source\ti\devices\msp432p4xx\driverlib\ccs\</path>
         <kind>archive</kind>
         <file>msp432p4xx_driverlib.lib</file>
         <name>sysctl.o</name>
      </input_file>
      <input_file id="fl-e0">
         <path>D:\TI\ccs1040\driverlib\simplelink_msp432p4_sdk_3_40_01_02\simplelink_msp432p4_sdk_3_40_01_02\source\ti\devices\msp432p4xx\driverlib\ccs\</path>
         <kind>archive</kind>
         <file>msp432p4xx_driverlib.lib</file>
         <name>sysctl_a.o</name>
      </input_file>
      <input_file id="fl-e1">
         <path>D:\TI\ccs1040\driverlib\simplelink_msp432p4_sdk_3_40_01_02\simplelink_msp432p4_sdk_3_40_01_02\source\ti\devices\msp432p4xx\driverlib\ccs\</path>
         <kind>archive</kind>
         <file>msp432p4xx_driverlib.lib</file>
         <name>wdt_a.o</name>
      </input_file>
      <input_file id="fl-e2">
         <path>D:\TI\ccs1040\driverlib\simplelink_msp432p4_sdk_3_40_01_02\simplelink_msp432p4_sdk_3_40_01_02\source\ti\devices\msp432p4xx\driverlib\ccs\</path>
         <kind>archive</kind>
         <file>msp432p4xx_driverlib.lib</file>
         <name>cpu.o</name>
      </input_file>
   </input_file_list>
   <object_component_list>
      <object_component id="oc-26">
         <name>.intvecs:retain</name>
         <load_address>0x0</load_address>
         <run_address>0x0</run_address>
         <size>0xe4</size>
         <input_file_ref idref="fl-4"/>
      </object_component>
      <object_component id="oc-73">
         <name>.text</name>
         <load_address>0xe4</load_address>
         <run_address>0xe4</run_address>
         <size>0xc5c</size>
         <input_file_ref idref="fl-3"/>
      </object_component>
      <object_component id="oc-6d">
         <name>.text</name>
         <load_address>0xd40</load_address>
         <run_address>0xd40</run_address>
         <size>0x708</size>
         <input_file_ref idref="fl-2"/>
      </object_component>
      <object_component id="oc-10c">
         <name>.text</name>
         <load_address>0x1448</load_address>
         <run_address>0x1448</run_address>
         <size>0x680</size>
         <input_file_ref idref="fl-6"/>
      </object_component>
      <object_component id="oc-2b6">
         <name>.text:Graphics_drawString</name>
         <load_address>0x1ac8</load_address>
         <run_address>0x1ac8</run_address>
         <size>0x47e</size>
         <input_file_ref idref="fl-d5"/>
      </object_component>
      <object_component id="oc-ab">
         <name>.text</name>
         <load_address>0x1f48</load_address>
         <run_address>0x1f48</run_address>
         <size>0x334</size>
         <input_file_ref idref="fl-5"/>
      </object_component>
      <object_component id="oc-3d9">
         <name>.text:__PCM_setPowerStateAdvanced</name>
         <load_address>0x227c</load_address>
         <run_address>0x227c</run_address>
         <size>0x28a</size>
         <input_file_ref idref="fl-dc"/>
      </object_component>
      <object_component id="oc-26c">
         <name>.text:_getIndexForMemRegister</name>
         <load_address>0x2508</load_address>
         <run_address>0x2508</run_address>
         <size>0x160</size>
         <input_file_ref idref="fl-d7"/>
      </object_component>
      <object_component id="oc-3d1">
         <name>.text:__PCM_setPowerModeAdvanced</name>
         <load_address>0x2668</load_address>
         <run_address>0x2668</run_address>
         <size>0x15c</size>
         <input_file_ref idref="fl-dc"/>
      </object_component>
      <object_component id="oc-184">
         <name>.text:atan2f</name>
         <load_address>0x27c4</load_address>
         <run_address>0x27c4</run_address>
         <size>0x158</size>
         <input_file_ref idref="fl-c3"/>
      </object_component>
      <object_component id="oc-2fc">
         <name>.text:atanf</name>
         <load_address>0x291c</load_address>
         <run_address>0x291c</run_address>
         <size>0x150</size>
         <input_file_ref idref="fl-c4"/>
      </object_component>
      <object_component id="oc-154">
         <name>.text:CS_initClockSignal</name>
         <load_address>0x2a6c</load_address>
         <run_address>0x2a6c</run_address>
         <size>0x130</size>
         <input_file_ref idref="fl-d8"/>
      </object_component>
      <object_component id="oc-2bf">
         <name>.text:__PCM_setCoreVoltageLevelAdvanced</name>
         <load_address>0x2b9c</load_address>
         <run_address>0x2b9c</run_address>
         <size>0x108</size>
         <input_file_ref idref="fl-dc"/>
      </object_component>
      <object_component id="oc-2b0">
         <name>.text:Graphics_getStringWidth</name>
         <load_address>0x2ca4</load_address>
         <run_address>0x2ca4</run_address>
         <size>0xfa</size>
         <input_file_ref idref="fl-d5"/>
      </object_component>
      <object_component id="oc-284">
         <name>.text</name>
         <load_address>0x2da0</load_address>
         <run_address>0x2da0</run_address>
         <size>0xe8</size>
         <input_file_ref idref="fl-7"/>
      </object_component>
      <object_component id="oc-d6">
         <name>.text:ADC14_configureConversionMemory</name>
         <load_address>0x2e88</load_address>
         <run_address>0x2e88</run_address>
         <size>0xb4</size>
         <input_file_ref idref="fl-d7"/>
      </object_component>
      <object_component id="oc-ca">
         <name>.text:ADC14_configureMultiSequenceMode</name>
         <load_address>0x2f3c</load_address>
         <run_address>0x2f3c</run_address>
         <size>0xb4</size>
         <input_file_ref idref="fl-d7"/>
      </object_component>
      <object_component id="oc-be">
         <name>.text:SPI_initMaster</name>
         <load_address>0x2ff0</load_address>
         <run_address>0x2ff0</run_address>
         <size>0xb0</size>
         <input_file_ref idref="fl-de"/>
      </object_component>
      <object_component id="oc-3b8">
         <name>.text:Graphics_drawLineH</name>
         <load_address>0x30a0</load_address>
         <run_address>0x30a0</run_address>
         <size>0x9c</size>
         <input_file_ref idref="fl-d6"/>
      </object_component>
      <object_component id="oc-37">
         <name>.text</name>
         <load_address>0x313c</load_address>
         <run_address>0x313c</run_address>
         <size>0x9c</size>
         <input_file_ref idref="fl-cb"/>
      </object_component>
      <object_component id="oc-b8">
         <name>.text:GPIO_setAsPeripheralModuleFunctionInputPin</name>
         <load_address>0x31d8</load_address>
         <run_address>0x31d8</run_address>
         <size>0x88</size>
         <input_file_ref idref="fl-da"/>
      </object_component>
      <object_component id="oc-b2">
         <name>.text:GPIO_setAsPeripheralModuleFunctionOutputPin</name>
         <load_address>0x3260</load_address>
         <run_address>0x3260</run_address>
         <size>0x88</size>
         <input_file_ref idref="fl-da"/>
      </object_component>
      <object_component id="oc-1be">
         <name>.text:GPIO_getEnabledInterruptStatus</name>
         <load_address>0x32e8</load_address>
         <run_address>0x32e8</run_address>
         <size>0x84</size>
         <input_file_ref idref="fl-da"/>
      </object_component>
      <object_component id="oc-178">
         <name>.text:PCM_gotoLPM3</name>
         <load_address>0x336c</load_address>
         <run_address>0x336c</run_address>
         <size>0x84</size>
         <input_file_ref idref="fl-dc"/>
      </object_component>
      <object_component id="oc-e8">
         <name>.text:Interrupt_enableInterrupt</name>
         <load_address>0x33f0</load_address>
         <run_address>0x33f0</run_address>
         <size>0x80</size>
         <input_file_ref idref="fl-db"/>
      </object_component>
      <object_component id="oc-93">
         <name>.text</name>
         <load_address>0x3470</load_address>
         <run_address>0x3470</run_address>
         <size>0x7a</size>
         <input_file_ref idref="fl-c5"/>
      </object_component>
      <object_component id="oc-17">
         <name>.text:decompress:lzss:__TI_decompress_lzss</name>
         <load_address>0x34ea</load_address>
         <run_address>0x34ea</run_address>
         <size>0x68</size>
         <input_file_ref idref="fl-c8"/>
      </object_component>
      <object_component id="oc-3c7">
         <name>.text:PCM_getCoreVoltageLevel</name>
         <load_address>0x3552</load_address>
         <run_address>0x3552</run_address>
         <size>0x5e</size>
         <input_file_ref idref="fl-dc"/>
      </object_component>
      <object_component id="oc-2d4">
         <name>.text:PCM_getPowerMode</name>
         <load_address>0x35b0</load_address>
         <run_address>0x35b0</run_address>
         <size>0x5a</size>
         <input_file_ref idref="fl-dc"/>
      </object_component>
      <object_component id="oc-15a">
         <name>.text:GPIO_setAsInputPinWithPullUpResistor</name>
         <load_address>0x360c</load_address>
         <run_address>0x360c</run_address>
         <size>0x58</size>
         <input_file_ref idref="fl-da"/>
      </object_component>
      <object_component id="oc-f4">
         <name>.text:ADC14_initModule</name>
         <load_address>0x3664</load_address>
         <run_address>0x3664</run_address>
         <size>0x54</size>
         <input_file_ref idref="fl-d7"/>
      </object_component>
      <object_component id="oc-433">
         <name>.text:PCM_shutdownDevice</name>
         <load_address>0x36b8</load_address>
         <run_address>0x36b8</run_address>
         <size>0x54</size>
         <input_file_ref idref="fl-dc"/>
      </object_component>
      <object_component id="oc-112">
         <name>.text:Graphics_initContext</name>
         <load_address>0x370c</load_address>
         <run_address>0x370c</run_address>
         <size>0x52</size>
         <input_file_ref idref="fl-d2"/>
      </object_component>
      <object_component id="oc-148">
         <name>.text:FlashCtl_setWaitState</name>
         <load_address>0x3760</load_address>
         <run_address>0x3760</run_address>
         <size>0x48</size>
         <input_file_ref idref="fl-d9"/>
      </object_component>
      <object_component id="oc-136">
         <name>.text:Graphics_drawStringCentered</name>
         <load_address>0x37a8</load_address>
         <run_address>0x37a8</run_address>
         <size>0x48</size>
         <input_file_ref idref="fl-d5"/>
      </object_component>
      <object_component id="oc-20c">
         <name>.text:__TI_auto_init_nobinit_nopinit:__TI_auto_init_nobinit_nopinit</name>
         <load_address>0x37f0</load_address>
         <run_address>0x37f0</run_address>
         <size>0x44</size>
         <input_file_ref idref="fl-cc"/>
      </object_component>
      <object_component id="oc-160">
         <name>.text:GPIO_setAsOutputPin</name>
         <load_address>0x3834</load_address>
         <run_address>0x3834</run_address>
         <size>0x40</size>
         <input_file_ref idref="fl-da"/>
      </object_component>
      <object_component id="oc-3b2">
         <name>.text:Graphics_getNumberOfLeadingZeros</name>
         <load_address>0x3874</load_address>
         <run_address>0x3874</run_address>
         <size>0x40</size>
         <input_file_ref idref="fl-d5"/>
      </object_component>
      <object_component id="oc-251">
         <name>.text:is_A_Module</name>
         <load_address>0x38b4</load_address>
         <run_address>0x38b4</run_address>
         <size>0x40</size>
         <input_file_ref idref="fl-de"/>
      </object_component>
      <object_component id="oc-1a0">
         <name>.text:ADC14_getEnabledInterruptStatus</name>
         <load_address>0x38f4</load_address>
         <run_address>0x38f4</run_address>
         <size>0x38</size>
         <input_file_ref idref="fl-d7"/>
      </object_component>
      <object_component id="oc-41c">
         <name>.text:Graphics_drawHorizontalLineOnDisplay</name>
         <load_address>0x392c</load_address>
         <run_address>0x392c</run_address>
         <size>0x36</size>
         <input_file_ref idref="fl-d3"/>
      </object_component>
      <object_component id="oc-fa">
         <name>.text:ADC14_enableSampleTimer</name>
         <load_address>0x3964</load_address>
         <run_address>0x3964</run_address>
         <size>0x34</size>
         <input_file_ref idref="fl-d7"/>
      </object_component>
      <object_component id="oc-14e">
         <name>.text:CS_setDCOCenteredFrequency</name>
         <load_address>0x3998</load_address>
         <run_address>0x3998</run_address>
         <size>0x34</size>
         <input_file_ref idref="fl-d8"/>
      </object_component>
      <object_component id="oc-55">
         <name>.text:_c_int00_noargs:_c_int00_noargs</name>
         <load_address>0x39cc</load_address>
         <run_address>0x39cc</run_address>
         <size>0x34</size>
         <input_file_ref idref="fl-ca"/>
      </object_component>
      <object_component id="oc-1a6">
         <name>.text:ADC14_clearInterruptFlag</name>
         <load_address>0x3a00</load_address>
         <run_address>0x3a00</run_address>
         <size>0x30</size>
         <input_file_ref idref="fl-d7"/>
      </object_component>
      <object_component id="oc-e2">
         <name>.text:ADC14_disableInterrupt</name>
         <load_address>0x3a30</load_address>
         <run_address>0x3a30</run_address>
         <size>0x30</size>
         <input_file_ref idref="fl-d7"/>
      </object_component>
      <object_component id="oc-dc">
         <name>.text:ADC14_enableInterrupt</name>
         <load_address>0x3a60</load_address>
         <run_address>0x3a60</run_address>
         <size>0x30</size>
         <input_file_ref idref="fl-d7"/>
      </object_component>
      <object_component id="oc-337">
         <name>.text:ADC14_getInterruptStatus</name>
         <load_address>0x3a90</load_address>
         <run_address>0x3a90</run_address>
         <size>0x2c</size>
         <input_file_ref idref="fl-d7"/>
      </object_component>
      <object_component id="oc-106">
         <name>.text:ADC14_toggleConversionTrigger</name>
         <load_address>0x3abc</load_address>
         <run_address>0x3abc</run_address>
         <size>0x2c</size>
         <input_file_ref idref="fl-d7"/>
      </object_component>
      <object_component id="oc-3be">
         <name>.text:Graphics_drawPixelOnDisplay</name>
         <load_address>0x3ae8</load_address>
         <run_address>0x3ae8</run_address>
         <size>0x2c</size>
         <input_file_ref idref="fl-d3"/>
      </object_component>
      <object_component id="oc-453">
         <name>.text:RTC_C_holdClock</name>
         <load_address>0x3b14</load_address>
         <run_address>0x3b14</run_address>
         <size>0x2c</size>
         <input_file_ref idref="fl-dd"/>
      </object_component>
      <object_component id="oc-100">
         <name>.text:ADC14_enableConversion</name>
         <load_address>0x3b40</load_address>
         <run_address>0x3b40</run_address>
         <size>0x28</size>
         <input_file_ref idref="fl-d7"/>
      </object_component>
      <object_component id="oc-1ac">
         <name>.text:ADC14_getResult</name>
         <load_address>0x3b68</load_address>
         <run_address>0x3b68</run_address>
         <size>0x28</size>
         <input_file_ref idref="fl-d7"/>
      </object_component>
      <object_component id="oc-166">
         <name>.text:GPIO_clearInterruptFlag</name>
         <load_address>0x3b90</load_address>
         <run_address>0x3b90</run_address>
         <size>0x28</size>
         <input_file_ref idref="fl-da"/>
      </object_component>
      <object_component id="oc-16c">
         <name>.text:GPIO_enableInterrupt</name>
         <load_address>0x3bb8</load_address>
         <run_address>0x3bb8</run_address>
         <size>0x28</size>
         <input_file_ref idref="fl-da"/>
      </object_component>
      <object_component id="oc-1b2">
         <name>.text:GPIO_setOutputHighOnPin</name>
         <load_address>0x3be0</load_address>
         <run_address>0x3be0</run_address>
         <size>0x28</size>
         <input_file_ref idref="fl-da"/>
      </object_component>
      <object_component id="oc-1b8">
         <name>.text:GPIO_setOutputLowOnPin</name>
         <load_address>0x3c08</load_address>
         <run_address>0x3c08</run_address>
         <size>0x28</size>
         <input_file_ref idref="fl-da"/>
      </object_component>
      <object_component id="oc-427">
         <name>.text:PCM_gotoLPM0</name>
         <load_address>0x3c30</load_address>
         <run_address>0x3c30</run_address>
         <size>0x28</size>
         <input_file_ref idref="fl-dc"/>
      </object_component>
      <object_component id="oc-342">
         <name>.text:GPIO_getInterruptStatus</name>
         <load_address>0x3c58</load_address>
         <run_address>0x3c58</run_address>
         <size>0x24</size>
         <input_file_ref idref="fl-da"/>
      </object_component>
      <object_component id="oc-13c">
         <name>.text:WDT_A_holdTimer</name>
         <load_address>0x3c7c</load_address>
         <run_address>0x3c7c</run_address>
         <size>0x24</size>
         <input_file_ref idref="fl-e1"/>
      </object_component>
      <object_component id="oc-d0">
         <name>.text:ADC14_setResolution</name>
         <load_address>0x3ca0</load_address>
         <run_address>0x3ca0</run_address>
         <size>0x20</size>
         <input_file_ref idref="fl-d7"/>
      </object_component>
      <object_component id="oc-c4">
         <name>.text:SPI_enableModule</name>
         <load_address>0x3cc0</load_address>
         <run_address>0x3cc0</run_address>
         <size>0x1c</size>
         <input_file_ref idref="fl-de"/>
      </object_component>
      <object_component id="oc-43">
         <name>.text:decompress:ZI:__TI_zero_init_nomemset:__TI_zero_init_nomemset</name>
         <load_address>0x3cdc</load_address>
         <run_address>0x3cdc</run_address>
         <size>0x1c</size>
         <input_file_ref idref="fl-c6"/>
      </object_component>
      <object_component id="oc-2a7">
         <name>.text:Graphics_clearDisplayOnDisplay</name>
         <load_address>0x3cf8</load_address>
         <run_address>0x3cf8</run_address>
         <size>0x1a</size>
         <input_file_ref idref="fl-d3"/>
      </object_component>
      <object_component id="oc-11e">
         <name>.text:Graphics_setBackgroundColor</name>
         <load_address>0x3d12</load_address>
         <run_address>0x3d12</run_address>
         <size>0x1a</size>
         <input_file_ref idref="fl-d2"/>
      </object_component>
      <object_component id="oc-124">
         <name>.text:Graphics_setFont</name>
         <load_address>0x3d2c</load_address>
         <run_address>0x3d2c</run_address>
         <size>0x1a</size>
         <input_file_ref idref="fl-d2"/>
      </object_component>
      <object_component id="oc-259">
         <name>.text:EUSCI_A_SPI_enable</name>
         <load_address>0x3d46</load_address>
         <run_address>0x3d46</run_address>
         <size>0x16</size>
         <input_file_ref idref="fl-de"/>
      </object_component>
      <object_component id="oc-25f">
         <name>.text:EUSCI_B_SPI_enable</name>
         <load_address>0x3d5c</load_address>
         <run_address>0x3d5c</run_address>
         <size>0x16</size>
         <input_file_ref idref="fl-de"/>
      </object_component>
      <object_component id="oc-118">
         <name>.text:Graphics_setForegroundColor</name>
         <load_address>0x3d72</load_address>
         <run_address>0x3d72</run_address>
         <size>0x16</size>
         <input_file_ref idref="fl-d2"/>
      </object_component>
      <object_component id="oc-29e">
         <name>.text:Graphics_translateColorOnDisplay</name>
         <load_address>0x3d88</load_address>
         <run_address>0x3d88</run_address>
         <size>0x16</size>
         <input_file_ref idref="fl-d3"/>
      </object_component>
      <object_component id="oc-2da">
         <name>.text:PCM_getPowerState</name>
         <load_address>0x3da0</load_address>
         <run_address>0x3da0</run_address>
         <size>0x14</size>
         <input_file_ref idref="fl-dc"/>
      </object_component>
      <object_component id="oc-130">
         <name>.text:strcpy</name>
         <load_address>0x3db4</load_address>
         <run_address>0x3db4</run_address>
         <size>0x14</size>
         <input_file_ref idref="fl-c9"/>
      </object_component>
      <object_component id="oc-12a">
         <name>.text:Graphics_clearDisplay</name>
         <load_address>0x3dc8</load_address>
         <run_address>0x3dc8</run_address>
         <size>0x12</size>
         <input_file_ref idref="fl-d2"/>
      </object_component>
      <object_component id="oc-1c4">
         <name>.text:ADC14_disableConversion</name>
         <load_address>0x3ddc</load_address>
         <run_address>0x3ddc</run_address>
         <size>0x10</size>
         <input_file_ref idref="fl-d7"/>
      </object_component>
      <object_component id="oc-266">
         <name>.text:ADCIsConversionRunning</name>
         <load_address>0x3dec</load_address>
         <run_address>0x3dec</run_address>
         <size>0x10</size>
         <input_file_ref idref="fl-d7"/>
      </object_component>
      <object_component id="oc-172">
         <name>.text:Interrupt_enableMaster</name>
         <load_address>0x3dfc</load_address>
         <run_address>0x3dfc</run_address>
         <size>0x10</size>
         <input_file_ref idref="fl-db"/>
      </object_component>
      <object_component id="oc-42d">
         <name>.text:PCM_gotoLPM4</name>
         <load_address>0x3e0c</load_address>
         <run_address>0x3e0c</run_address>
         <size>0x10</size>
         <input_file_ref idref="fl-dc"/>
      </object_component>
      <object_component id="oc-142">
         <name>.text:PCM_setCoreVoltageLevel</name>
         <load_address>0x3e1c</load_address>
         <run_address>0x3e1c</run_address>
         <size>0x10</size>
         <input_file_ref idref="fl-dc"/>
      </object_component>
      <object_component id="oc-2e0">
         <name>.text:PCM_setPowerMode</name>
         <load_address>0x3e2c</load_address>
         <run_address>0x3e2c</run_address>
         <size>0x10</size>
         <input_file_ref idref="fl-dc"/>
      </object_component>
      <object_component id="oc-2ec">
         <name>.text:PCM_setPowerState</name>
         <load_address>0x3e3c</load_address>
         <run_address>0x3e3c</run_address>
         <size>0x10</size>
         <input_file_ref idref="fl-dc"/>
      </object_component>
      <object_component id="oc-1da">
         <name>.text:_msprf24_crc_mask</name>
         <load_address>0x3e4c</load_address>
         <run_address>0x3e4c</run_address>
         <size>0x10</size>
         <input_file_ref idref="fl-3"/>
      </object_component>
      <object_component id="oc-1d">
         <name>.text:decompress:none:__TI_decompress_none</name>
         <load_address>0x3e5c</load_address>
         <run_address>0x3e5c</run_address>
         <size>0xe</size>
         <input_file_ref idref="fl-c7"/>
      </object_component>
      <object_component id="oc-67">
         <name>.text</name>
         <load_address>0x3e6a</load_address>
         <run_address>0x3e6a</run_address>
         <size>0xe</size>
         <input_file_ref idref="fl-4"/>
      </object_component>
      <object_component id="oc-ee">
         <name>.text:ADC14_enableModule</name>
         <load_address>0x3e78</load_address>
         <run_address>0x3e78</run_address>
         <size>0xc</size>
         <input_file_ref idref="fl-d7"/>
      </object_component>
      <object_component id="oc-2cd">
         <name>.text:CPU_cpsie</name>
         <load_address>0x3e84</load_address>
         <run_address>0x3e84</run_address>
         <size>0xc</size>
         <input_file_ref idref="fl-e2"/>
      </object_component>
      <object_component id="oc-2e6">
         <name>.text:CPU_wfi</name>
         <load_address>0x3e90</load_address>
         <run_address>0x3e90</run_address>
         <size>0x4</size>
         <input_file_ref idref="fl-e2"/>
      </object_component>
      <object_component id="oc-1e1">
         <name>.text:_msprf24_irq_mask</name>
         <load_address>0x3e94</load_address>
         <run_address>0x3e94</run_address>
         <size>0x4</size>
         <input_file_ref idref="fl-3"/>
      </object_component>
      <object_component id="oc-99">
         <name>.text:_system_pre_init</name>
         <load_address>0x3e98</load_address>
         <run_address>0x3e98</run_address>
         <size>0x4</size>
         <input_file_ref idref="fl-cd"/>
      </object_component>
      <object_component id="oc-200">
         <name>.text:abort:abort</name>
         <load_address>0x3e9c</load_address>
         <run_address>0x3e9c</run_address>
         <size>0x4</size>
         <input_file_ref idref="fl-cf"/>
      </object_component>
      <object_component id="oc-331">
         <name>.const:.string:g_pucFontFixed6x8Data</name>
         <load_address>0x3ea0</load_address>
         <run_address>0x3ea0</run_address>
         <size>0x2f8</size>
         <input_file_ref idref="fl-d4"/>
      </object_component>
      <object_component id="oc-19c">
         <name>.const:g_sFontFixed6x8</name>
         <load_address>0x4198</load_address>
         <run_address>0x4198</run_address>
         <size>0xc8</size>
         <input_file_ref idref="fl-d4"/>
      </object_component>
      <object_component id="oc-272">
         <name>.const:_ctlRegs</name>
         <load_address>0x4260</load_address>
         <run_address>0x4260</run_address>
         <size>0x80</size>
         <input_file_ref idref="fl-d7"/>
      </object_component>
      <object_component id="oc-3e0">
         <name>.const:$O1$$</name>
         <load_address>0x42e0</load_address>
         <run_address>0x42e0</run_address>
         <size>0x34</size>
         <input_file_ref idref="fl-c4"/>
      </object_component>
      <object_component id="oc-242">
         <name>.const:GPIO_PORT_TO_BASE</name>
         <load_address>0x4314</load_address>
         <run_address>0x4314</run_address>
         <size>0x30</size>
         <input_file_ref idref="fl-da"/>
      </object_component>
      <object_component id="oc-199">
         <name>.const:g_sCrystalfontz128x128_funcs</name>
         <load_address>0x4344</load_address>
         <run_address>0x4344</run_address>
         <size>0x20</size>
         <input_file_ref idref="fl-6"/>
      </object_component>
      <object_component id="oc-39d">
         <name>.const:$P$T0$1</name>
         <load_address>0x4364</load_address>
         <run_address>0x4364</run_address>
         <size>0x1c</size>
         <input_file_ref idref="fl-7"/>
      </object_component>
      <object_component id="oc-17e">
         <name>.const:spiMasterConfig</name>
         <load_address>0x4380</load_address>
         <run_address>0x4380</run_address>
         <size>0x1c</size>
         <input_file_ref idref="fl-2"/>
      </object_component>
      <object_component id="oc-293">
         <name>.const:$P$T0$1</name>
         <load_address>0x439c</load_address>
         <run_address>0x439c</run_address>
         <size>0x8</size>
         <input_file_ref idref="fl-6"/>
      </object_component>
      <object_component id="oc-27b">
         <name>.const:g_pulEnRegs</name>
         <load_address>0x43a4</load_address>
         <run_address>0x43a4</run_address>
         <size>0x8</size>
         <input_file_ref idref="fl-db"/>
      </object_component>
      <object_component id="oc-1ca">
         <name>.const</name>
         <load_address>0x43ac</load_address>
         <run_address>0x43ac</run_address>
         <size>0x8</size>
         <input_file_ref idref="fl-2"/>
      </object_component>
      <object_component id="oc-18a">
         <name>.const:.string:$P$T0$1</name>
         <load_address>0x43b4</load_address>
         <run_address>0x43b4</run_address>
         <size>0x5</size>
         <input_file_ref idref="fl-2"/>
      </object_component>
      <object_component id="oc-48f">
         <name>.cinit..data.load</name>
         <load_address>0x43c0</load_address>
         <run_address>0x43c0</run_address>
         <size>0x13</size>
      </object_component>
      <object_component id="oc-48d">
         <name>__TI_handler_table</name>
         <load_address>0x43d4</load_address>
         <run_address>0x43d4</run_address>
         <size>0xc</size>
      </object_component>
      <object_component id="oc-490">
         <name>.cinit..bss.load</name>
         <load_address>0x43e0</load_address>
         <run_address>0x43e0</run_address>
         <size>0x8</size>
      </object_component>
      <object_component id="oc-48e">
         <name>__TI_cinit_table</name>
         <load_address>0x43e8</load_address>
         <run_address>0x43e8</run_address>
         <size>0x10</size>
      </object_component>
      <object_component id="oc-461">
         <name>.binit</name>
         <load_address>0x0</load_address>
         <run_address>0x0</run_address>
         <size>0x0</size>
      </object_component>
      <object_component id="oc-181">
         <name>.data</name>
         <load_address>0x20000044</load_address>
         <run_address>0x20000044</run_address>
         <size>0x1</size>
         <input_file_ref idref="fl-2"/>
      </object_component>
      <object_component id="oc-23e">
         <name>.data</name>
         <load_address>0x20000040</load_address>
         <run_address>0x20000040</run_address>
         <size>0x4</size>
         <input_file_ref idref="fl-5"/>
      </object_component>
      <object_component id="oc-196">
         <name>.data:g_sCrystalfontz128x128</name>
         <load_address>0x20000030</load_address>
         <run_address>0x20000030</run_address>
         <size>0x10</size>
         <input_file_ref idref="fl-6"/>
      </object_component>
      <object_component id="oc-193">
         <name>.common:g_sContext</name>
         <uninitialized>true</uninitialized>
         <run_address>0x20000000</run_address>
         <size>0x1c</size>
      </object_component>
      <object_component id="oc-1d9">
         <name>.common:rf_feature</name>
         <uninitialized>true</uninitialized>
         <run_address>0x20000029</run_address>
         <size>0x1</size>
      </object_component>
      <object_component id="oc-18d">
         <name>.common:rf_crc</name>
         <uninitialized>true</uninitialized>
         <run_address>0x20000028</run_address>
         <size>0x1</size>
      </object_component>
      <object_component id="oc-190">
         <name>.common:rf_addr_width</name>
         <uninitialized>true</uninitialized>
         <run_address>0x20000026</run_address>
         <size>0x1</size>
      </object_component>
      <object_component id="oc-191">
         <name>.common:rf_speed_power</name>
         <uninitialized>true</uninitialized>
         <run_address>0x2000002b</run_address>
         <size>0x1</size>
      </object_component>
      <object_component id="oc-192">
         <name>.common:rf_channel</name>
         <uninitialized>true</uninitialized>
         <run_address>0x20000027</run_address>
         <size>0x1</size>
      </object_component>
      <object_component id="oc-1d8">
         <name>.common:rf_status</name>
         <uninitialized>true</uninitialized>
         <run_address>0x2000002c</run_address>
         <size>0x1</size>
      </object_component>
      <object_component id="oc-19f">
         <name>.common:rf_irq</name>
         <uninitialized>true</uninitialized>
         <run_address>0x2000002a</run_address>
         <size>0x1</size>
      </object_component>
      <object_component id="oc-292">
         <name>.common:Lcd_Orientation</name>
         <uninitialized>true</uninitialized>
         <run_address>0x20000024</run_address>
         <size>0x1</size>
      </object_component>
      <object_component id="oc-28a">
         <name>.common:Lcd_ScreenWidth</name>
         <uninitialized>true</uninitialized>
         <run_address>0x2000001e</run_address>
         <size>0x2</size>
      </object_component>
      <object_component id="oc-28d">
         <name>.common:Lcd_ScreenHeigth</name>
         <uninitialized>true</uninitialized>
         <run_address>0x2000001c</run_address>
         <size>0x2</size>
      </object_component>
      <object_component id="oc-28e">
         <name>.common:Lcd_PenSolid</name>
         <uninitialized>true</uninitialized>
         <run_address>0x20000025</run_address>
         <size>0x1</size>
      </object_component>
      <object_component id="oc-28f">
         <name>.common:Lcd_FontSolid</name>
         <uninitialized>true</uninitialized>
         <run_address>0x20000023</run_address>
         <size>0x1</size>
      </object_component>
      <object_component id="oc-290">
         <name>.common:Lcd_FlagRead</name>
         <uninitialized>true</uninitialized>
         <run_address>0x20000022</run_address>
         <size>0x1</size>
      </object_component>
      <object_component id="oc-291">
         <name>.common:Lcd_TouchTrim</name>
         <uninitialized>true</uninitialized>
         <run_address>0x20000020</run_address>
         <size>0x2</size>
      </object_component>
      <object_component id="oc-29">
         <name>.stack</name>
         <uninitialized>true</uninitialized>
         <run_address>0x2000fe00</run_address>
         <size>0x4</size>
         <input_file_ref idref="fl-ca"/>
      </object_component>
      <object_component id="oc-492">
         <name>.stack</name>
         <uninitialized>true</uninitialized>
         <run_address>0x2000fe00</run_address>
         <size>0x0</size>
      </object_component>
      <object_component id="oc-194">
         <name>.debug_info</name>
         <load_address>0x0</load_address>
         <run_address>0x0</run_address>
         <size>0x15fd</size>
         <input_file_ref idref="fl-2"/>
      </object_component>
      <object_component id="oc-182">
         <name>.debug_info</name>
         <load_address>0x15fd</load_address>
         <run_address>0x15fd</run_address>
         <size>0xc6</size>
         <input_file_ref idref="fl-2"/>
      </object_component>
      <object_component id="oc-1cb">
         <name>.debug_info</name>
         <load_address>0x16c3</load_address>
         <run_address>0x16c3</run_address>
         <size>0x105</size>
         <input_file_ref idref="fl-2"/>
      </object_component>
      <object_component id="oc-17f">
         <name>.debug_info</name>
         <load_address>0x17c8</load_address>
         <run_address>0x17c8</run_address>
         <size>0xd0</size>
         <input_file_ref idref="fl-2"/>
      </object_component>
      <object_component id="oc-18b">
         <name>.debug_info</name>
         <load_address>0x1898</load_address>
         <run_address>0x1898</run_address>
         <size>0xbf</size>
         <input_file_ref idref="fl-2"/>
      </object_component>
      <object_component id="oc-6e">
         <name>.debug_info</name>
         <load_address>0x1957</load_address>
         <run_address>0x1957</run_address>
         <size>0x12f7</size>
         <input_file_ref idref="fl-2"/>
      </object_component>
      <object_component id="oc-2f7">
         <name>.debug_info</name>
         <load_address>0x2c4e</load_address>
         <run_address>0x2c4e</run_address>
         <size>0x48</size>
         <input_file_ref idref="fl-2"/>
      </object_component>
      <object_component id="oc-1eb">
         <name>.debug_info</name>
         <load_address>0x2c96</load_address>
         <run_address>0x2c96</run_address>
         <size>0x26b</size>
         <input_file_ref idref="fl-2"/>
      </object_component>
      <object_component id="oc-312">
         <name>.debug_info</name>
         <load_address>0x2f01</load_address>
         <run_address>0x2f01</run_address>
         <size>0x1055</size>
         <input_file_ref idref="fl-2"/>
      </object_component>
      <object_component id="oc-319">
         <name>.debug_info</name>
         <load_address>0x3f56</load_address>
         <run_address>0x3f56</run_address>
         <size>0x37e2</size>
         <input_file_ref idref="fl-2"/>
      </object_component>
      <object_component id="oc-297">
         <name>.debug_info</name>
         <load_address>0x7738</load_address>
         <run_address>0x7738</run_address>
         <size>0x439</size>
         <input_file_ref idref="fl-2"/>
      </object_component>
      <object_component id="oc-1d3">
         <name>.debug_info</name>
         <load_address>0x7b71</load_address>
         <run_address>0x7b71</run_address>
         <size>0x8b</size>
         <input_file_ref idref="fl-2"/>
      </object_component>
      <object_component id="oc-34c">
         <name>.debug_info</name>
         <load_address>0x7bfc</load_address>
         <run_address>0x7bfc</run_address>
         <size>0x2a4</size>
         <input_file_ref idref="fl-2"/>
      </object_component>
      <object_component id="oc-328">
         <name>.debug_info</name>
         <load_address>0x7ea0</load_address>
         <run_address>0x7ea0</run_address>
         <size>0xef</size>
         <input_file_ref idref="fl-2"/>
      </object_component>
      <object_component id="oc-1ce">
         <name>.debug_info</name>
         <load_address>0x7f8f</load_address>
         <run_address>0x7f8f</run_address>
         <size>0xbb</size>
         <input_file_ref idref="fl-2"/>
      </object_component>
      <object_component id="oc-1f7">
         <name>.debug_info</name>
         <load_address>0x804a</load_address>
         <run_address>0x804a</run_address>
         <size>0x2c</size>
         <input_file_ref idref="fl-2"/>
      </object_component>
      <object_component id="oc-31e">
         <name>.debug_info</name>
         <load_address>0x8076</load_address>
         <run_address>0x8076</run_address>
         <size>0x131</size>
         <input_file_ref idref="fl-2"/>
      </object_component>
      <object_component id="oc-323">
         <name>.debug_info</name>
         <load_address>0x81a7</load_address>
         <run_address>0x81a7</run_address>
         <size>0x35</size>
         <input_file_ref idref="fl-2"/>
      </object_component>
      <object_component id="oc-18e">
         <name>.debug_info</name>
         <load_address>0x81dc</load_address>
         <run_address>0x81dc</run_address>
         <size>0x69c</size>
         <input_file_ref idref="fl-3"/>
      </object_component>
      <object_component id="oc-1db">
         <name>.debug_info</name>
         <load_address>0x8878</load_address>
         <run_address>0x8878</run_address>
         <size>0x10e</size>
         <input_file_ref idref="fl-3"/>
      </object_component>
      <object_component id="oc-1e2">
         <name>.debug_info</name>
         <load_address>0x8986</load_address>
         <run_address>0x8986</run_address>
         <size>0x10e</size>
         <input_file_ref idref="fl-3"/>
      </object_component>
      <object_component id="oc-74">
         <name>.debug_info</name>
         <load_address>0x8a94</load_address>
         <run_address>0x8a94</run_address>
         <size>0x1c8b</size>
         <input_file_ref idref="fl-3"/>
      </object_component>
      <object_component id="oc-30d">
         <name>.debug_info</name>
         <load_address>0xa71f</load_address>
         <run_address>0xa71f</run_address>
         <size>0x37e2</size>
         <input_file_ref idref="fl-3"/>
      </object_component>
      <object_component id="oc-32">
         <name>.debug_info</name>
         <load_address>0xdf01</load_address>
         <run_address>0xdf01</run_address>
         <size>0x84</size>
         <input_file_ref idref="fl-3"/>
      </object_component>
      <object_component id="oc-7b">
         <name>.debug_info</name>
         <load_address>0xdf85</load_address>
         <run_address>0xdf85</run_address>
         <size>0x2b9</size>
         <input_file_ref idref="fl-4"/>
      </object_component>
      <object_component id="oc-27">
         <name>.debug_info</name>
         <load_address>0xe23e</load_address>
         <run_address>0xe23e</run_address>
         <size>0xe5</size>
         <input_file_ref idref="fl-4"/>
      </object_component>
      <object_component id="oc-6b">
         <name>.debug_info</name>
         <load_address>0xe323</load_address>
         <run_address>0xe323</run_address>
         <size>0x1ac</size>
         <input_file_ref idref="fl-4"/>
      </object_component>
      <object_component id="oc-23f">
         <name>.debug_info</name>
         <load_address>0xe4cf</load_address>
         <run_address>0xe4cf</run_address>
         <size>0xde</size>
         <input_file_ref idref="fl-5"/>
      </object_component>
      <object_component id="oc-ac">
         <name>.debug_info</name>
         <load_address>0xe5ad</load_address>
         <run_address>0xe5ad</run_address>
         <size>0x250</size>
         <input_file_ref idref="fl-5"/>
      </object_component>
      <object_component id="oc-28b">
         <name>.debug_info</name>
         <load_address>0xe7fd</load_address>
         <run_address>0xe7fd</run_address>
         <size>0x91b</size>
         <input_file_ref idref="fl-6"/>
      </object_component>
      <object_component id="oc-197">
         <name>.debug_info</name>
         <load_address>0xf118</load_address>
         <run_address>0xf118</run_address>
         <size>0xff</size>
         <input_file_ref idref="fl-6"/>
      </object_component>
      <object_component id="oc-19a">
         <name>.debug_info</name>
         <load_address>0xf217</load_address>
         <run_address>0xf217</run_address>
         <size>0x10b</size>
         <input_file_ref idref="fl-6"/>
      </object_component>
      <object_component id="oc-294">
         <name>.debug_info</name>
         <load_address>0xf322</load_address>
         <run_address>0xf322</run_address>
         <size>0xe0</size>
         <input_file_ref idref="fl-6"/>
      </object_component>
      <object_component id="oc-10d">
         <name>.debug_info</name>
         <load_address>0xf402</load_address>
         <run_address>0xf402</run_address>
         <size>0x150e</size>
         <input_file_ref idref="fl-6"/>
      </object_component>
      <object_component id="oc-418">
         <name>.debug_info</name>
         <load_address>0x10910</load_address>
         <run_address>0x10910</run_address>
         <size>0x861</size>
         <input_file_ref idref="fl-7"/>
      </object_component>
      <object_component id="oc-39e">
         <name>.debug_info</name>
         <load_address>0x11171</load_address>
         <run_address>0x11171</run_address>
         <size>0xf3</size>
         <input_file_ref idref="fl-7"/>
      </object_component>
      <object_component id="oc-287">
         <name>.debug_info</name>
         <load_address>0x11264</load_address>
         <run_address>0x11264</run_address>
         <size>0x604</size>
         <input_file_ref idref="fl-7"/>
      </object_component>
      <object_component id="oc-303">
         <name>.debug_info</name>
         <load_address>0x11868</load_address>
         <run_address>0x11868</run_address>
         <size>0x2a7</size>
         <input_file_ref idref="fl-c3"/>
      </object_component>
      <object_component id="oc-186">
         <name>.debug_info</name>
         <load_address>0x11b0f</load_address>
         <run_address>0x11b0f</run_address>
         <size>0x1ea</size>
         <input_file_ref idref="fl-c3"/>
      </object_component>
      <object_component id="oc-3e6">
         <name>.debug_info</name>
         <load_address>0x11cf9</load_address>
         <run_address>0x11cf9</run_address>
         <size>0x39</size>
         <input_file_ref idref="fl-c3"/>
      </object_component>
      <object_component id="oc-304">
         <name>.debug_info</name>
         <load_address>0x11d32</load_address>
         <run_address>0x11d32</run_address>
         <size>0x2c</size>
         <input_file_ref idref="fl-c3"/>
      </object_component>
      <object_component id="oc-43c">
         <name>.debug_info</name>
         <load_address>0x11d5e</load_address>
         <run_address>0x11d5e</run_address>
         <size>0x2ee</size>
         <input_file_ref idref="fl-c4"/>
      </object_component>
      <object_component id="oc-3e1">
         <name>.debug_info</name>
         <load_address>0x1204c</load_address>
         <run_address>0x1204c</run_address>
         <size>0x132</size>
         <input_file_ref idref="fl-c4"/>
      </object_component>
      <object_component id="oc-2fe">
         <name>.debug_info</name>
         <load_address>0x1217e</load_address>
         <run_address>0x1217e</run_address>
         <size>0x1ad</size>
         <input_file_ref idref="fl-c4"/>
      </object_component>
      <object_component id="oc-95">
         <name>.debug_info</name>
         <load_address>0x1232b</load_address>
         <run_address>0x1232b</run_address>
         <size>0x147</size>
         <input_file_ref idref="fl-c5"/>
      </object_component>
      <object_component id="oc-92">
         <name>.debug_info</name>
         <load_address>0x12472</load_address>
         <run_address>0x12472</run_address>
         <size>0x2d4</size>
         <input_file_ref idref="fl-c6"/>
      </object_component>
      <object_component id="oc-44">
         <name>.debug_info</name>
         <load_address>0x12746</load_address>
         <run_address>0x12746</run_address>
         <size>0x1d2</size>
         <input_file_ref idref="fl-c6"/>
      </object_component>
      <object_component id="oc-8d">
         <name>.debug_info</name>
         <load_address>0x12918</load_address>
         <run_address>0x12918</run_address>
         <size>0x46</size>
         <input_file_ref idref="fl-c6"/>
      </object_component>
      <object_component id="oc-42">
         <name>.debug_info</name>
         <load_address>0x1295e</load_address>
         <run_address>0x1295e</run_address>
         <size>0x2a8</size>
         <input_file_ref idref="fl-c7"/>
      </object_component>
      <object_component id="oc-20">
         <name>.debug_info</name>
         <load_address>0x12c06</load_address>
         <run_address>0x12c06</run_address>
         <size>0x1ea</size>
         <input_file_ref idref="fl-c7"/>
      </object_component>
      <object_component id="oc-3d">
         <name>.debug_info</name>
         <load_address>0x12df0</load_address>
         <run_address>0x12df0</run_address>
         <size>0x46</size>
         <input_file_ref idref="fl-c7"/>
      </object_component>
      <object_component id="oc-85">
         <name>.debug_info</name>
         <load_address>0x12e36</load_address>
         <run_address>0x12e36</run_address>
         <size>0x2c</size>
         <input_file_ref idref="fl-c7"/>
      </object_component>
      <object_component id="oc-83">
         <name>.debug_info</name>
         <load_address>0x12e62</load_address>
         <run_address>0x12e62</run_address>
         <size>0x29e</size>
         <input_file_ref idref="fl-c8"/>
      </object_component>
      <object_component id="oc-1b">
         <name>.debug_info</name>
         <load_address>0x13100</load_address>
         <run_address>0x13100</run_address>
         <size>0x250</size>
         <input_file_ref idref="fl-c8"/>
      </object_component>
      <object_component id="oc-2d">
         <name>.debug_info</name>
         <load_address>0x13350</load_address>
         <run_address>0x13350</run_address>
         <size>0x60</size>
         <input_file_ref idref="fl-c8"/>
      </object_component>
      <object_component id="oc-1f0">
         <name>.debug_info</name>
         <load_address>0x133b0</load_address>
         <run_address>0x133b0</run_address>
         <size>0x46</size>
         <input_file_ref idref="fl-c8"/>
      </object_component>
      <object_component id="oc-7e">
         <name>.debug_info</name>
         <load_address>0x133f6</load_address>
         <run_address>0x133f6</run_address>
         <size>0x39</size>
         <input_file_ref idref="fl-c8"/>
      </object_component>
      <object_component id="oc-2af">
         <name>.debug_info</name>
         <load_address>0x1342f</load_address>
         <run_address>0x1342f</run_address>
         <size>0x2a4</size>
         <input_file_ref idref="fl-c9"/>
      </object_component>
      <object_component id="oc-133">
         <name>.debug_info</name>
         <load_address>0x136d3</load_address>
         <run_address>0x136d3</run_address>
         <size>0x24d</size>
         <input_file_ref idref="fl-c9"/>
      </object_component>
      <object_component id="oc-2a">
         <name>.debug_info</name>
         <load_address>0x13920</load_address>
         <run_address>0x13920</run_address>
         <size>0x10b</size>
         <input_file_ref idref="fl-ca"/>
      </object_component>
      <object_component id="oc-59">
         <name>.debug_info</name>
         <load_address>0x13a2b</load_address>
         <run_address>0x13a2b</run_address>
         <size>0x1a9</size>
         <input_file_ref idref="fl-ca"/>
      </object_component>
      <object_component id="oc-39">
         <name>.debug_info</name>
         <load_address>0x13bd4</load_address>
         <run_address>0x13bd4</run_address>
         <size>0x119</size>
         <input_file_ref idref="fl-cb"/>
      </object_component>
      <object_component id="oc-35c">
         <name>.debug_info</name>
         <load_address>0x13ced</load_address>
         <run_address>0x13ced</run_address>
         <size>0x4b3</size>
         <input_file_ref idref="fl-cc"/>
      </object_component>
      <object_component id="oc-20d">
         <name>.debug_info</name>
         <load_address>0x141a0</load_address>
         <run_address>0x141a0</run_address>
         <size>0x1a6</size>
         <input_file_ref idref="fl-cc"/>
      </object_component>
      <object_component id="oc-401">
         <name>.debug_info</name>
         <load_address>0x14346</load_address>
         <run_address>0x14346</run_address>
         <size>0x39</size>
         <input_file_ref idref="fl-cc"/>
      </object_component>
      <object_component id="oc-441">
         <name>.debug_info</name>
         <load_address>0x1437f</load_address>
         <run_address>0x1437f</run_address>
         <size>0x39</size>
         <input_file_ref idref="fl-cc"/>
      </object_component>
      <object_component id="oc-406">
         <name>.debug_info</name>
         <load_address>0x143b8</load_address>
         <run_address>0x143b8</run_address>
         <size>0x39</size>
         <input_file_ref idref="fl-cc"/>
      </object_component>
      <object_component id="oc-40b">
         <name>.debug_info</name>
         <load_address>0x143f1</load_address>
         <run_address>0x143f1</run_address>
         <size>0xcd</size>
         <input_file_ref idref="fl-cc"/>
      </object_component>
      <object_component id="oc-9a">
         <name>.debug_info</name>
         <load_address>0x144be</load_address>
         <run_address>0x144be</run_address>
         <size>0x153</size>
         <input_file_ref idref="fl-cd"/>
      </object_component>
      <object_component id="oc-201">
         <name>.debug_info</name>
         <load_address>0x14611</load_address>
         <run_address>0x14611</run_address>
         <size>0x122</size>
         <input_file_ref idref="fl-cf"/>
      </object_component>
      <object_component id="oc-29d">
         <name>.debug_info</name>
         <load_address>0x14733</load_address>
         <run_address>0x14733</run_address>
         <size>0x561</size>
         <input_file_ref idref="fl-d2"/>
      </object_component>
      <object_component id="oc-116">
         <name>.debug_info</name>
         <load_address>0x14c94</load_address>
         <run_address>0x14c94</run_address>
         <size>0x1ef</size>
         <input_file_ref idref="fl-d2"/>
      </object_component>
      <object_component id="oc-121">
         <name>.debug_info</name>
         <load_address>0x14e83</load_address>
         <run_address>0x14e83</run_address>
         <size>0x203</size>
         <input_file_ref idref="fl-d2"/>
      </object_component>
      <object_component id="oc-127">
         <name>.debug_info</name>
         <load_address>0x15086</load_address>
         <run_address>0x15086</run_address>
         <size>0x1d0</size>
         <input_file_ref idref="fl-d2"/>
      </object_component>
      <object_component id="oc-119">
         <name>.debug_info</name>
         <load_address>0x15256</load_address>
         <run_address>0x15256</run_address>
         <size>0x1f6</size>
         <input_file_ref idref="fl-d2"/>
      </object_component>
      <object_component id="oc-12c">
         <name>.debug_info</name>
         <load_address>0x1544c</load_address>
         <run_address>0x1544c</run_address>
         <size>0x1c3</size>
         <input_file_ref idref="fl-d2"/>
      </object_component>
      <object_component id="oc-388">
         <name>.debug_info</name>
         <load_address>0x1560f</load_address>
         <run_address>0x1560f</run_address>
         <size>0x26b</size>
         <input_file_ref idref="fl-d2"/>
      </object_component>
      <object_component id="oc-3a7">
         <name>.debug_info</name>
         <load_address>0x1587a</load_address>
         <run_address>0x1587a</run_address>
         <size>0x439</size>
         <input_file_ref idref="fl-d2"/>
      </object_component>
      <object_component id="oc-376">
         <name>.debug_info</name>
         <load_address>0x15cb3</load_address>
         <run_address>0x15cb3</run_address>
         <size>0x297</size>
         <input_file_ref idref="fl-d2"/>
      </object_component>
      <object_component id="oc-246">
         <name>.debug_info</name>
         <load_address>0x15f4a</load_address>
         <run_address>0x15f4a</run_address>
         <size>0xef</size>
         <input_file_ref idref="fl-d2"/>
      </object_component>
      <object_component id="oc-24b">
         <name>.debug_info</name>
         <load_address>0x16039</load_address>
         <run_address>0x16039</run_address>
         <size>0xbb</size>
         <input_file_ref idref="fl-d2"/>
      </object_component>
      <object_component id="oc-3ad">
         <name>.debug_info</name>
         <load_address>0x160f4</load_address>
         <run_address>0x160f4</run_address>
         <size>0x3fb</size>
         <input_file_ref idref="fl-d3"/>
      </object_component>
      <object_component id="oc-3bf">
         <name>.debug_info</name>
         <load_address>0x164ef</load_address>
         <run_address>0x164ef</run_address>
         <size>0x203</size>
         <input_file_ref idref="fl-d3"/>
      </object_component>
      <object_component id="oc-41d">
         <name>.debug_info</name>
         <load_address>0x166f2</load_address>
         <run_address>0x166f2</run_address>
         <size>0x221</size>
         <input_file_ref idref="fl-d3"/>
      </object_component>
      <object_component id="oc-29f">
         <name>.debug_info</name>
         <load_address>0x16913</load_address>
         <run_address>0x16913</run_address>
         <size>0x1e3</size>
         <input_file_ref idref="fl-d3"/>
      </object_component>
      <object_component id="oc-2a9">
         <name>.debug_info</name>
         <load_address>0x16af6</load_address>
         <run_address>0x16af6</run_address>
         <size>0x1db</size>
         <input_file_ref idref="fl-d3"/>
      </object_component>
      <object_component id="oc-336">
         <name>.debug_info</name>
         <load_address>0x16cd1</load_address>
         <run_address>0x16cd1</run_address>
         <size>0x27c</size>
         <input_file_ref idref="fl-d4"/>
      </object_component>
      <object_component id="oc-332">
         <name>.debug_info</name>
         <load_address>0x16f4d</load_address>
         <run_address>0x16f4d</run_address>
         <size>0x13a</size>
         <input_file_ref idref="fl-d4"/>
      </object_component>
      <object_component id="oc-19d">
         <name>.debug_info</name>
         <load_address>0x17087</load_address>
         <run_address>0x17087</run_address>
         <size>0x12f</size>
         <input_file_ref idref="fl-d4"/>
      </object_component>
      <object_component id="oc-2bd">
         <name>.debug_info</name>
         <load_address>0x171b6</load_address>
         <run_address>0x171b6</run_address>
         <size>0x4ba</size>
         <input_file_ref idref="fl-d5"/>
      </object_component>
      <object_component id="oc-3b3">
         <name>.debug_info</name>
         <load_address>0x17670</load_address>
         <run_address>0x17670</run_address>
         <size>0x1c5</size>
         <input_file_ref idref="fl-d5"/>
      </object_component>
      <object_component id="oc-2b1">
         <name>.debug_info</name>
         <load_address>0x17835</load_address>
         <run_address>0x17835</run_address>
         <size>0x28e</size>
         <input_file_ref idref="fl-d5"/>
      </object_component>
      <object_component id="oc-2b7">
         <name>.debug_info</name>
         <load_address>0x17ac3</load_address>
         <run_address>0x17ac3</run_address>
         <size>0x42a</size>
         <input_file_ref idref="fl-d5"/>
      </object_component>
      <object_component id="oc-138">
         <name>.debug_info</name>
         <load_address>0x17eed</load_address>
         <run_address>0x17eed</run_address>
         <size>0x26e</size>
         <input_file_ref idref="fl-d5"/>
      </object_component>
      <object_component id="oc-423">
         <name>.debug_info</name>
         <load_address>0x1815b</load_address>
         <run_address>0x1815b</run_address>
         <size>0x53b</size>
         <input_file_ref idref="fl-d6"/>
      </object_component>
      <object_component id="oc-3ba">
         <name>.debug_info</name>
         <load_address>0x18696</load_address>
         <run_address>0x18696</run_address>
         <size>0x216</size>
         <input_file_ref idref="fl-d6"/>
      </object_component>
      <object_component id="oc-278">
         <name>.debug_info</name>
         <load_address>0x188ac</load_address>
         <run_address>0x188ac</run_address>
         <size>0x706</size>
         <input_file_ref idref="fl-d7"/>
      </object_component>
      <object_component id="oc-273">
         <name>.debug_info</name>
         <load_address>0x18fb2</load_address>
         <run_address>0x18fb2</run_address>
         <size>0x124</size>
         <input_file_ref idref="fl-d7"/>
      </object_component>
      <object_component id="oc-26d">
         <name>.debug_info</name>
         <load_address>0x190d6</load_address>
         <run_address>0x190d6</run_address>
         <size>0x1d9</size>
         <input_file_ref idref="fl-d7"/>
      </object_component>
      <object_component id="oc-267">
         <name>.debug_info</name>
         <load_address>0x192af</load_address>
         <run_address>0x192af</run_address>
         <size>0x1b8</size>
         <input_file_ref idref="fl-d7"/>
      </object_component>
      <object_component id="oc-ef">
         <name>.debug_info</name>
         <load_address>0x19467</load_address>
         <run_address>0x19467</run_address>
         <size>0x1ad</size>
         <input_file_ref idref="fl-d7"/>
      </object_component>
      <object_component id="oc-fb">
         <name>.debug_info</name>
         <load_address>0x19614</load_address>
         <run_address>0x19614</run_address>
         <size>0x233</size>
         <input_file_ref idref="fl-d7"/>
      </object_component>
      <object_component id="oc-f5">
         <name>.debug_info</name>
         <load_address>0x19847</load_address>
         <run_address>0x19847</run_address>
         <size>0x2fa</size>
         <input_file_ref idref="fl-d7"/>
      </object_component>
      <object_component id="oc-d1">
         <name>.debug_info</name>
         <load_address>0x19b41</load_address>
         <run_address>0x19b41</run_address>
         <size>0x1ea</size>
         <input_file_ref idref="fl-d7"/>
      </object_component>
      <object_component id="oc-cc">
         <name>.debug_info</name>
         <load_address>0x19d2b</load_address>
         <run_address>0x19d2b</run_address>
         <size>0x308</size>
         <input_file_ref idref="fl-d7"/>
      </object_component>
      <object_component id="oc-102">
         <name>.debug_info</name>
         <load_address>0x1a033</load_address>
         <run_address>0x1a033</run_address>
         <size>0x1d9</size>
         <input_file_ref idref="fl-d7"/>
      </object_component>
      <object_component id="oc-107">
         <name>.debug_info</name>
         <load_address>0x1a20c</load_address>
         <run_address>0x1a20c</run_address>
         <size>0x1ca</size>
         <input_file_ref idref="fl-d7"/>
      </object_component>
      <object_component id="oc-1c6">
         <name>.debug_info</name>
         <load_address>0x1a3d6</load_address>
         <run_address>0x1a3d6</run_address>
         <size>0x1ba</size>
         <input_file_ref idref="fl-d7"/>
      </object_component>
      <object_component id="oc-d8">
         <name>.debug_info</name>
         <load_address>0x1a590</load_address>
         <run_address>0x1a590</run_address>
         <size>0x38b</size>
         <input_file_ref idref="fl-d7"/>
      </object_component>
      <object_component id="oc-1ae">
         <name>.debug_info</name>
         <load_address>0x1a91b</load_address>
         <run_address>0x1a91b</run_address>
         <size>0x22f</size>
         <input_file_ref idref="fl-d7"/>
      </object_component>
      <object_component id="oc-dd">
         <name>.debug_info</name>
         <load_address>0x1ab4a</load_address>
         <run_address>0x1ab4a</run_address>
         <size>0x1eb</size>
         <input_file_ref idref="fl-d7"/>
      </object_component>
      <object_component id="oc-e3">
         <name>.debug_info</name>
         <load_address>0x1ad35</load_address>
         <run_address>0x1ad35</run_address>
         <size>0x1ed</size>
         <input_file_ref idref="fl-d7"/>
      </object_component>
      <object_component id="oc-338">
         <name>.debug_info</name>
         <load_address>0x1af22</load_address>
         <run_address>0x1af22</run_address>
         <size>0x1d6</size>
         <input_file_ref idref="fl-d7"/>
      </object_component>
      <object_component id="oc-1a1">
         <name>.debug_info</name>
         <load_address>0x1b0f8</load_address>
         <run_address>0x1b0f8</run_address>
         <size>0x1ff</size>
         <input_file_ref idref="fl-d7"/>
      </object_component>
      <object_component id="oc-1a7">
         <name>.debug_info</name>
         <load_address>0x1b2f7</load_address>
         <run_address>0x1b2f7</run_address>
         <size>0x1f1</size>
         <input_file_ref idref="fl-d7"/>
      </object_component>
      <object_component id="oc-37e">
         <name>.debug_info</name>
         <load_address>0x1b4e8</load_address>
         <run_address>0x1b4e8</run_address>
         <size>0x431a</size>
         <input_file_ref idref="fl-d7"/>
      </object_component>
      <object_component id="oc-383">
         <name>.debug_info</name>
         <load_address>0x1f802</load_address>
         <run_address>0x1f802</run_address>
         <size>0x1028</size>
         <input_file_ref idref="fl-d7"/>
      </object_component>
      <object_component id="oc-155">
         <name>.debug_info</name>
         <load_address>0x2082a</load_address>
         <run_address>0x2082a</run_address>
         <size>0x29d</size>
         <input_file_ref idref="fl-d8"/>
      </object_component>
      <object_component id="oc-14f">
         <name>.debug_info</name>
         <load_address>0x20ac7</load_address>
         <run_address>0x20ac7</run_address>
         <size>0x1e5</size>
         <input_file_ref idref="fl-d8"/>
      </object_component>
      <object_component id="oc-149">
         <name>.debug_info</name>
         <load_address>0x20cac</load_address>
         <run_address>0x20cac</run_address>
         <size>0x224</size>
         <input_file_ref idref="fl-d9"/>
      </object_component>
      <object_component id="oc-375">
         <name>.debug_info</name>
         <load_address>0x20ed0</load_address>
         <run_address>0x20ed0</run_address>
         <size>0x701</size>
         <input_file_ref idref="fl-da"/>
      </object_component>
      <object_component id="oc-243">
         <name>.debug_info</name>
         <load_address>0x215d1</load_address>
         <run_address>0x215d1</run_address>
         <size>0x135</size>
         <input_file_ref idref="fl-da"/>
      </object_component>
      <object_component id="oc-163">
         <name>.debug_info</name>
         <load_address>0x21706</load_address>
         <run_address>0x21706</run_address>
         <size>0x252</size>
         <input_file_ref idref="fl-da"/>
      </object_component>
      <object_component id="oc-b5">
         <name>.debug_info</name>
         <load_address>0x21958</load_address>
         <run_address>0x21958</run_address>
         <size>0x2a5</size>
         <input_file_ref idref="fl-da"/>
      </object_component>
      <object_component id="oc-bb">
         <name>.debug_info</name>
         <load_address>0x21bfd</load_address>
         <run_address>0x21bfd</run_address>
         <size>0x2a3</size>
         <input_file_ref idref="fl-da"/>
      </object_component>
      <object_component id="oc-1b5">
         <name>.debug_info</name>
         <load_address>0x21ea0</load_address>
         <run_address>0x21ea0</run_address>
         <size>0x25a</size>
         <input_file_ref idref="fl-da"/>
      </object_component>
      <object_component id="oc-1bb">
         <name>.debug_info</name>
         <load_address>0x220fa</load_address>
         <run_address>0x220fa</run_address>
         <size>0x258</size>
         <input_file_ref idref="fl-da"/>
      </object_component>
      <object_component id="oc-15d">
         <name>.debug_info</name>
         <load_address>0x22352</load_address>
         <run_address>0x22352</run_address>
         <size>0x274</size>
         <input_file_ref idref="fl-da"/>
      </object_component>
      <object_component id="oc-16f">
         <name>.debug_info</name>
         <load_address>0x225c6</load_address>
         <run_address>0x225c6</run_address>
         <size>0x254</size>
         <input_file_ref idref="fl-da"/>
      </object_component>
      <object_component id="oc-345">
         <name>.debug_info</name>
         <load_address>0x2281a</load_address>
         <run_address>0x2281a</run_address>
         <size>0x25e</size>
         <input_file_ref idref="fl-da"/>
      </object_component>
      <object_component id="oc-169">
         <name>.debug_info</name>
         <load_address>0x22a78</load_address>
         <run_address>0x22a78</run_address>
         <size>0x25a</size>
         <input_file_ref idref="fl-da"/>
      </object_component>
      <object_component id="oc-1c1">
         <name>.debug_info</name>
         <load_address>0x22cd2</load_address>
         <run_address>0x22cd2</run_address>
         <size>0x264</size>
         <input_file_ref idref="fl-da"/>
      </object_component>
      <object_component id="oc-39c">
         <name>.debug_info</name>
         <load_address>0x22f36</load_address>
         <run_address>0x22f36</run_address>
         <size>0x68f</size>
         <input_file_ref idref="fl-db"/>
      </object_component>
      <object_component id="oc-27c">
         <name>.debug_info</name>
         <load_address>0x235c5</load_address>
         <run_address>0x235c5</run_address>
         <size>0x12e</size>
         <input_file_ref idref="fl-db"/>
      </object_component>
      <object_component id="oc-173">
         <name>.debug_info</name>
         <load_address>0x236f3</load_address>
         <run_address>0x236f3</run_address>
         <size>0x1d5</size>
         <input_file_ref idref="fl-db"/>
      </object_component>
      <object_component id="oc-e9">
         <name>.debug_info</name>
         <load_address>0x238c8</load_address>
         <run_address>0x238c8</run_address>
         <size>0x219</size>
         <input_file_ref idref="fl-db"/>
      </object_component>
      <object_component id="oc-2c0">
         <name>.debug_info</name>
         <load_address>0x23ae1</load_address>
         <run_address>0x23ae1</run_address>
         <size>0x3a5</size>
         <input_file_ref idref="fl-dc"/>
      </object_component>
      <object_component id="oc-143">
         <name>.debug_info</name>
         <load_address>0x23e86</load_address>
         <run_address>0x23e86</run_address>
         <size>0x220</size>
         <input_file_ref idref="fl-dc"/>
      </object_component>
      <object_component id="oc-2d5">
         <name>.debug_info</name>
         <load_address>0x240a6</load_address>
         <run_address>0x240a6</run_address>
         <size>0x1eb</size>
         <input_file_ref idref="fl-dc"/>
      </object_component>
      <object_component id="oc-3c8">
         <name>.debug_info</name>
         <load_address>0x24291</load_address>
         <run_address>0x24291</run_address>
         <size>0x1f9</size>
         <input_file_ref idref="fl-dc"/>
      </object_component>
      <object_component id="oc-3d2">
         <name>.debug_info</name>
         <load_address>0x2448a</load_address>
         <run_address>0x2448a</run_address>
         <size>0x346</size>
         <input_file_ref idref="fl-dc"/>
      </object_component>
      <object_component id="oc-2e1">
         <name>.debug_info</name>
         <load_address>0x247d0</load_address>
         <run_address>0x247d0</run_address>
         <size>0x202</size>
         <input_file_ref idref="fl-dc"/>
      </object_component>
      <object_component id="oc-3da">
         <name>.debug_info</name>
         <load_address>0x249d2</load_address>
         <run_address>0x249d2</run_address>
         <size>0x6d8</size>
         <input_file_ref idref="fl-dc"/>
      </object_component>
[...]
         <value>0x27c5</value>
         <object_component_ref idref="oc-184"/>
      </symbol>
      <symbol id="sm-339">
         <name>atanf</name>
         <value>0x291d</value>
         <object_component_ref idref="oc-2fc"/>
      </symbol>
      <symbol id="sm-348">
         <name>__aeabi_memset</name>
         <value>0x3473</value>
         <object_component_ref idref="oc-93"/>
      </symbol>
      <symbol id="sm-349">
         <name>memset</name>
         <value>0x3479</value>
         <object_component_ref idref="oc-93"/>
      </symbol>
      <symbol id="sm-34a">
         <name>__aeabi_memset8</name>
         <value>0x3473</value>
         <object_component_ref idref="oc-93"/>
      </symbol>
      <symbol id="sm-34b">
         <name>__aeabi_memset4</name>
         <value>0x3473</value>
         <object_component_ref idref="oc-93"/>
      </symbol>
      <symbol id="sm-34c">
         <name>__aeabi_memclr8</name>
         <value>0x3471</value>
         <object_component_ref idref="oc-93"/>
      </symbol>
      <symbol id="sm-34d">
         <name>__aeabi_memclr4</name>
         <value>0x3471</value>
         <object_component_ref idref="oc-93"/>
      </symbol>
      <symbol id="sm-34e">
         <name>__aeabi_memclr</name>
         <value>0x3471</value>
         <object_component_ref idref="oc-93"/>
      </symbol>
      <symbol id="sm-362">
         <name>__TI_zero_init_nomemset</name>
         <value>0x3cdd</value>
         <object_component_ref idref="oc-43"/>
      </symbol>
      <symbol id="sm-379">
         <name>__TI_decompress_none</name>
         <value>0x3e5d</value>
         <object_component_ref idref="oc-1d"/>
      </symbol>
      <symbol id="sm-39c">
         <name>__TI_decompress_lzss</name>
         <value>0x34eb</value>
         <object_component_ref idref="oc-17"/>
      </symbol>
      <symbol id="sm-3aa">
         <name>strcpy</name>
         <value>0x3db5</value>
         <object_component_ref idref="oc-130"/>
      </symbol>
      <symbol id="sm-3bd">
         <name>__stack</name>
         <value>0x2000fe00</value>
         <object_component_ref idref="oc-29"/>
      </symbol>
      <symbol id="sm-3be">
         <name>_c_int00_noargs</name>
         <value>0x39cd</value>
         <object_component_ref idref="oc-55"/>
      </symbol>
      <symbol id="sm-3d9">
         <name>memcpy</name>
         <value>0x313d</value>
         <object_component_ref idref="oc-37"/>
      </symbol>
      <symbol id="sm-3da">
         <name>__aeabi_memcpy</name>
         <value>0x313d</value>
         <object_component_ref idref="oc-37"/>
      </symbol>
      <symbol id="sm-3db">
         <name>__aeabi_memcpy8</name>
         <value>0x313d</value>
         <object_component_ref idref="oc-37"/>
      </symbol>
      <symbol id="sm-3dc">
         <name>__aeabi_memcpy4</name>
         <value>0x313d</value>
         <object_component_ref idref="oc-37"/>
      </symbol>
      <symbol id="sm-404">
         <name>__TI_auto_init_nobinit_nopinit</name>
         <value>0x37f1</value>
         <object_component_ref idref="oc-20c"/>
      </symbol>
      <symbol id="sm-40e">
         <name>_system_pre_init</name>
         <value>0x3e99</value>
         <object_component_ref idref="oc-99"/>
      </symbol>
      <symbol id="sm-41a">
         <name>C$$EXIT</name>
         <value>0x3e9d</value>
         <object_component_ref idref="oc-200"/>
      </symbol>
      <symbol id="sm-41b">
         <name>abort</name>
         <value>0x3e9d</value>
         <object_component_ref idref="oc-200"/>
      </symbol>
      <symbol id="sm-463">
         <name>Graphics_setBackgroundColor</name>
         <value>0x3d13</value>
         <object_component_ref idref="oc-11e"/>
      </symbol>
      <symbol id="sm-464">
         <name>Graphics_setFont</name>
         <value>0x3d2d</value>
         <object_component_ref idref="oc-124"/>
      </symbol>
      <symbol id="sm-465">
         <name>Graphics_initContext</name>
         <value>0x370d</value>
         <object_component_ref idref="oc-112"/>
      </symbol>
      <symbol id="sm-466">
         <name>Graphics_setForegroundColor</name>
         <value>0x3d73</value>
         <object_component_ref idref="oc-118"/>
      </symbol>
      <symbol id="sm-467">
         <name>Graphics_clearDisplay</name>
         <value>0x3dc9</value>
         <object_component_ref idref="oc-12a"/>
      </symbol>
      <symbol id="sm-48c">
         <name>Graphics_clearDisplayOnDisplay</name>
         <value>0x3cf9</value>
         <object_component_ref idref="oc-2a7"/>
      </symbol>
      <symbol id="sm-48d">
         <name>Graphics_drawPixelOnDisplay</name>
         <value>0x3ae9</value>
         <object_component_ref idref="oc-3be"/>
      </symbol>
      <symbol id="sm-48e">
         <name>Graphics_translateColorOnDisplay</name>
         <value>0x3d89</value>
         <object_component_ref idref="oc-29e"/>
      </symbol>
      <symbol id="sm-48f">
         <name>Graphics_drawHorizontalLineOnDisplay</name>
         <value>0x392d</value>
         <object_component_ref idref="oc-41c"/>
      </symbol>
      <symbol id="sm-4a1">
         <name>g_sFontFixed6x8</name>
         <value>0x4198</value>
         <object_component_ref idref="oc-19c"/>
      </symbol>
      <symbol id="sm-4f9">
         <name>Graphics_drawStringCentered</name>
         <value>0x37a9</value>
         <object_component_ref idref="oc-136"/>
      </symbol>
      <symbol id="sm-4fa">
         <name>Graphics_drawString</name>
         <value>0x1ac9</value>
         <object_component_ref idref="oc-2b6"/>
      </symbol>
      <symbol id="sm-4fb">
         <name>Graphics_getStringWidth</name>
         <value>0x2ca5</value>
         <object_component_ref idref="oc-2b0"/>
      </symbol>
      <symbol id="sm-50e">
         <name>Graphics_drawLineH</name>
         <value>0x30a1</value>
         <object_component_ref idref="oc-3b8"/>
      </symbol>
      <symbol id="sm-624">
         <name>ADC14_enableInterrupt</name>
         <value>0x3a61</value>
         <object_component_ref idref="oc-dc"/>
      </symbol>
      <symbol id="sm-625">
         <name>ADC14_getInterruptStatus</name>
         <value>0x3a91</value>
         <object_component_ref idref="oc-337"/>
      </symbol>
      <symbol id="sm-626">
         <name>ADC14_disableConversion</name>
         <value>0x3ddd</value>
         <object_component_ref idref="oc-1c4"/>
      </symbol>
      <symbol id="sm-627">
         <name>ADC14_enableSampleTimer</name>
         <value>0x3965</value>
         <object_component_ref idref="oc-fa"/>
      </symbol>
      <symbol id="sm-628">
         <name>ADC14_enableConversion</name>
         <value>0x3b41</value>
         <object_component_ref idref="oc-100"/>
      </symbol>
      <symbol id="sm-629">
         <name>ADC14_setResolution</name>
         <value>0x3ca1</value>
         <object_component_ref idref="oc-d0"/>
      </symbol>
      <symbol id="sm-62a">
         <name>ADC14_toggleConversionTrigger</name>
         <value>0x3abd</value>
         <object_component_ref idref="oc-106"/>
      </symbol>
      <symbol id="sm-62b">
         <name>ADC14_getEnabledInterruptStatus</name>
         <value>0x38f5</value>
         <object_component_ref idref="oc-1a0"/>
      </symbol>
      <symbol id="sm-62c">
         <name>ADC14_initModule</name>
         <value>0x3665</value>
         <object_component_ref idref="oc-f4"/>
      </symbol>
      <symbol id="sm-62d">
         <name>ADC14_configureMultiSequenceMode</name>
         <value>0x2f3d</value>
         <object_component_ref idref="oc-ca"/>
      </symbol>
      <symbol id="sm-62e">
         <name>ADC14_disableInterrupt</name>
         <value>0x3a31</value>
         <object_component_ref idref="oc-e2"/>
      </symbol>
      <symbol id="sm-62f">
         <name>ADC14_clearInterruptFlag</name>
         <value>0x3a01</value>
         <object_component_ref idref="oc-1a6"/>
      </symbol>
      <symbol id="sm-630">
         <name>ADC14_configureConversionMemory</name>
         <value>0x2e89</value>
         <object_component_ref idref="oc-d6"/>
      </symbol>
      <symbol id="sm-631">
         <name>ADC14_enableModule</name>
         <value>0x3e79</value>
         <object_component_ref idref="oc-ee"/>
      </symbol>
      <symbol id="sm-632">
         <name>ADC14_getResult</name>
         <value>0x3b69</value>
         <object_component_ref idref="oc-1ac"/>
      </symbol>
      <symbol id="sm-661">
         <name>CS_setDCOCenteredFrequency</name>
         <value>0x3999</value>
         <object_component_ref idref="oc-14e"/>
      </symbol>
      <symbol id="sm-662">
         <name>CS_initClockSignal</name>
         <value>0x2a6d</value>
         <object_component_ref idref="oc-154"/>
      </symbol>
      <symbol id="sm-671">
         <name>FlashCtl_setWaitState</name>
         <value>0x3761</value>
         <object_component_ref idref="oc-148"/>
      </symbol>
      <symbol id="sm-6f4">
         <name>GPIO_setOutputHighOnPin</name>
         <value>0x3be1</value>
         <object_component_ref idref="oc-1b2"/>
      </symbol>
      <symbol id="sm-6f5">
         <name>GPIO_setAsInputPinWithPullUpResistor</name>
         <value>0x360d</value>
         <object_component_ref idref="oc-15a"/>
      </symbol>
      <symbol id="sm-6f6">
         <name>GPIO_getInterruptStatus</name>
         <value>0x3c59</value>
         <object_component_ref idref="oc-342"/>
      </symbol>
      <symbol id="sm-6f7">
         <name>GPIO_enableInterrupt</name>
         <value>0x3bb9</value>
         <object_component_ref idref="oc-16c"/>
      </symbol>
      <symbol id="sm-6f8">
         <name>GPIO_getEnabledInterruptStatus</name>
         <value>0x32e9</value>
         <object_component_ref idref="oc-1be"/>
      </symbol>
      <symbol id="sm-6f9">
         <name>GPIO_setAsOutputPin</name>
         <value>0x3835</value>
         <object_component_ref idref="oc-160"/>
      </symbol>
      <symbol id="sm-6fa">
         <name>GPIO_setOutputLowOnPin</name>
         <value>0x3c09</value>
         <object_component_ref idref="oc-1b8"/>
      </symbol>
      <symbol id="sm-6fb">
         <name>GPIO_clearInterruptFlag</name>
         <value>0x3b91</value>
         <object_component_ref idref="oc-166"/>
      </symbol>
      <symbol id="sm-6fc">
         <name>GPIO_setAsPeripheralModuleFunctionOutputPin</name>
         <value>0x3261</value>
         <object_component_ref idref="oc-b2"/>
      </symbol>
      <symbol id="sm-6fd">
         <name>GPIO_setAsPeripheralModuleFunctionInputPin</name>
         <value>0x31d9</value>
         <object_component_ref idref="oc-b8"/>
      </symbol>
      <symbol id="sm-723">
         <name>Interrupt_enableMaster</name>
         <value>0x3dfd</value>
         <object_component_ref idref="oc-172"/>
      </symbol>
      <symbol id="sm-724">
         <name>Interrupt_enableInterrupt</name>
         <value>0x33f1</value>
         <object_component_ref idref="oc-e8"/>
      </symbol>
      <symbol id="sm-80c">
         <name>PCM_setCoreVoltageLevel</name>
         <value>0x3e1d</value>
         <object_component_ref idref="oc-142"/>
      </symbol>
      <symbol id="sm-80d">
         <name>PCM_getCoreVoltageLevel</name>
         <value>0x3553</value>
         <object_component_ref idref="oc-3c7"/>
      </symbol>
      <symbol id="sm-80e">
         <name>PCM_shutdownDevice</name>
         <value>0x36b9</value>
         <object_component_ref idref="oc-433"/>
      </symbol>
      <symbol id="sm-80f">
         <name>PCM_setPowerState</name>
         <value>0x3e3d</value>
         <object_component_ref idref="oc-2ec"/>
      </symbol>
      <symbol id="sm-810">
         <name>PCM_getPowerMode</name>
         <value>0x35b1</value>
         <object_component_ref idref="oc-2d4"/>
      </symbol>
      <symbol id="sm-811">
         <name>PCM_getPowerState</name>
         <value>0x3da1</value>
         <object_component_ref idref="oc-2da"/>
      </symbol>
      <symbol id="sm-812">
         <name>PCM_gotoLPM4</name>
         <value>0x3e0d</value>
         <object_component_ref idref="oc-42d"/>
      </symbol>
      <symbol id="sm-813">
         <name>PCM_gotoLPM3</name>
         <value>0x336d</value>
         <object_component_ref idref="oc-178"/>
      </symbol>
      <symbol id="sm-814">
         <name>PCM_gotoLPM0</name>
         <value>0x3c31</value>
         <object_component_ref idref="oc-427"/>
      </symbol>
      <symbol id="sm-815">
         <name>PCM_setPowerMode</name>
         <value>0x3e2d</value>
         <object_component_ref idref="oc-2e0"/>
      </symbol>
      <symbol id="sm-823">
         <name>RTC_C_holdClock</name>
         <value>0x3b15</value>
         <object_component_ref idref="oc-453"/>
      </symbol>
      <symbol id="sm-862">
         <name>EUSCI_B_SPI_enable</name>
         <value>0x3d5d</value>
         <object_component_ref idref="oc-25f"/>
      </symbol>
      <symbol id="sm-863">
         <name>SPI_enableModule</name>
         <value>0x3cc1</value>
         <object_component_ref idref="oc-c4"/>
      </symbol>
      <symbol id="sm-864">
         <name>EUSCI_A_SPI_enable</name>
         <value>0x3d47</value>
         <object_component_ref idref="oc-259"/>
      </symbol>
      <symbol id="sm-865">
         <name>SPI_initMaster</name>
         <value>0x2ff1</value>
         <object_component_ref idref="oc-be"/>
      </symbol>
      <symbol id="sm-873">
         <name>WDT_A_holdTimer</name>
         <value>0x3c7d</value>
         <object_component_ref idref="oc-13c"/>
      </symbol>
      <symbol id="sm-885">
         <name>CPU_wfi</name>
         <value>0x3e91</value>
         <object_component_ref idref="oc-2e6"/>
      </symbol>
      <symbol id="sm-886">
         <name>CPU_cpsie</name>
         <value>0x3e85</value>
         <object_component_ref idref="oc-2cd"/>
      </symbol>
      <symbol id="sm-887">
         <name>__TI_static_base__</name>
         <value>0x0</value>
      </symbol>
      <symbol id="sm-88a">
         <name>__mpu_init</name>
         <value>0x0</value>
      </symbol>
      <symbol id="sm-88b">
         <name>_system_post_cinit</name>
         <value>0x0</value>
      </symbol>
      <symbol id="sm-88c">
         <name>NMI_Handler</name>
         <value>0x3e77</value>
      </symbol>
      <symbol id="sm-88d">
         <name>HardFault_Handler</name>
         <value>0x3e77</value>
      </symbol>
      <symbol id="sm-88e">
         <name>MemManage_Handler</name>
         <value>0x3e77</value>
      </symbol>
      <symbol id="sm-88f">
         <name>BusFault_Handler</name>
         <value>0x3e77</value>
      </symbol>
      <symbol id="sm-890">
         <name>UsageFault_Handler</name>
         <value>0x3e77</value>
      </symbol>
      <symbol id="sm-891">
         <name>SVC_Handler</name>
         <value>0x3e77</value>
      </symbol>
      <symbol id="sm-892">
         <name>DebugMon_Handler</name>
         <value>0x3e77</value>
      </symbol>
      <symbol id="sm-893">
         <name>PendSV_Handler</name>
         <value>0x3e77</value>
      </symbol>
      <symbol id="sm-894">
         <name>SysTick_Handler</name>
         <value>0x3e77</value>
      </symbol>
      <symbol id="sm-895">
         <name>PSS_IRQHandler</name>
         <value>0x3e77</value>
      </symbol>
      <symbol id="sm-896">
         <name>CS_IRQHandler</name>
         <value>0x3e77</value>
      </symbol>
      <symbol id="sm-897">
         <name>PCM_IRQHandler</name>
         <value>0x3e77</value>
      </symbol>
      <symbol id="sm-898">
         <name>WDT_A_IRQHandler</name>
         <value>0x3e77</value>
      </symbol>
      <symbol id="sm-899">
         <name>FPU_IRQHandler</name>
         <value>0x3e77</value>
      </symbol>
      <symbol id="sm-89a">
         <name>FLCTL_IRQHandler</name>
         <value>0x3e77</value>
      </symbol>
      <symbol id="sm-89b">
         <name>COMP_E0_IRQHandler</name>
         <value>0x3e77</value>
      </symbol>
      <symbol id="sm-89c">
         <name>COMP_E1_IRQHandler</name>
         <value>0x3e77</value>
      </symbol>
      <symbol id="sm-89d">
         <name>TA0_0_IRQHandler</name>
         <value>0x3e77</value>
      </symbol>
      <symbol id="sm-89e">
         <name>TA0_N_IRQHandler</name>
         <value>0x3e77</value>
      </symbol>
      <symbol id="sm-89f">
         <name>TA1_0_IRQHandler</name>
         <value>0x3e77</value>
      </symbol>
      <symbol id="sm-8a0">
         <name>TA1_N_IRQHandler</name>
         <value>0x3e77</value>
      </symbol>
      <symbol id="sm-8a1">
         <name>TA2_0_IRQHandler</name>
         <value>0x3e77</value>
      </symbol>
      <symbol id="sm-8a2">
         <name>TA2_N_IRQHandler</name>
         <value>0x3e77</value>
      </symbol>
      <symbol id="sm-8a3">
         <name>TA3_0_IRQHandler</name>
         <value>0x3e77</value>
      </symbol>
      <symbol id="sm-8a4">
         <name>TA3_N_IRQHandler</name>
         <value>0x3e77</value>
      </symbol>
      <symbol id="sm-8a5">
         <name>EUSCIA0_IRQHandler</name>
         <value>0x3e77</value>
      </symbol>
      <symbol id="sm-8a6">
         <name>EUSCIA1_IRQHandler</name>
         <value>0x3e77</value>
      </symbol>
      <symbol id="sm-8a7">
         <name>EUSCIA2_IRQHandler</name>
         <value>0x3e77</value>
      </symbol>
      <symbol id="sm-8a8">
         <name>EUSCIA3_IRQHandler</name>
         <value>0x3e77</value>
      </symbol>
      <symbol id="sm-8a9">
         <name>EUSCIB0_IRQHandler</name>
         <value>0x3e77</value>
      </symbol>
      <symbol id="sm-8aa">
         <name>EUSCIB1_IRQHandler</name>
         <value>0x3e77</value>
      </symbol>
      <symbol id="sm-8ab">
         <name>EUSCIB2_IRQHandler</name>
         <value>0x3e77</value>
      </symbol>
      <symbol id="sm-8ac">
         <name>EUSCIB3_IRQHandler</name>
         <value>0x3e77</value>
      </symbol>
      <symbol id="sm-8ad">
         <name>ADC14_IRQHandler</name>
         <value>0x12a1</value>
      </symbol>
      <symbol id="sm-8ae">
         <name>T32_INT1_IRQHandler</name>
         <value>0x3e77</value>
      </symbol>
      <symbol id="sm-8af">
         <name>T32_INT2_IRQHandler</name>
         <value>0x3e77</value>
      </symbol>
      <symbol id="sm-8b0">
         <name>T32_INTC_IRQHandler</name>
         <value>0x3e77</value>
      </symbol>
      <symbol id="sm-8b1">
         <name>AES256_IRQHandler</name>
         <value>0x3e77</value>
      </symbol>
      <symbol id="sm-8b2">
         <name>RTC_C_IRQHandler</name>
         <value>0x3e77</value>
      </symbol>
      <symbol id="sm-8b3">
         <name>DMA_ERR_IRQHandler</name>
         <value>0x3e77</value>
      </symbol>
      <symbol id="sm-8b4">
         <name>DMA_INT3_IRQHandler</name>
         <value>0x3e77</value>
      </symbol>
      <symbol id="sm-8b5">
         <name>DMA_INT2_IRQHandler</name>
         <value>0x3e77</value>
      </symbol>
      <symbol id="sm-8b6">
         <name>DMA_INT1_IRQHandler</name>
         <value>0x3e77</value>
      </symbol>
      <symbol id="sm-8b7">
         <name>DMA_INT0_IRQHandler</name>
         <value>0x3e77</value>
      </symbol>
      <symbol id="sm-8b8">
         <name>PORT1_IRQHandler</name>
         <value>0x3e77</value>
      </symbol>
      <symbol id="sm-8b9">
         <name>PORT2_IRQHandler</name>
         <value>0x3e77</value>
      </symbol>
      <symbol id="sm-8ba">
         <name>PORT3_IRQHandler</name>
         <value>0xd0b</value>
      </symbol>
      <symbol id="sm-8bb">
         <name>PORT4_IRQHandler</name>
         <value>0x3e77</value>
      </symbol>
      <symbol id="sm-8bc">
         <name>PORT5_IRQHandler</name>
         <value>0x1395</value>
      </symbol>
      <symbol id="sm-8bd">
         <name>PORT6_IRQHandler</name>
         <value>0x3e77</value>
      </symbol>
   </symbol_table>
   <title>Link successful</title>
</link_info>
