******************************************************************************
                  TI ARM Linker Unix v20.2.5                   
******************************************************************************
>> Linked Mon Dec  6 13:57:07 2021

OUTPUT FILE NAME:   <recv.out>
ENTRY POINT SYMBOL: "_c_int00_noargs"  address: 00002049


MEMORY CONFIGURATION

         name            origin    length      used     unused   attr    fill
----------------------  --------  ---------  --------  --------  ----  --------
  MAIN                  00000000   00040000  0000238d  0003dc73  R  X
  INFO                  00200000   00004000  00000000  00004000  R  X
  SRAM_CODE             01000000   00010000  00000213  0000fded  RW X
  SRAM_DATA             20000000   00010000  00000213  0000fded  RW  


SEGMENT ALLOCATION MAP

run origin  load origin   length   init length attrs members
----------  ----------- ---------- ----------- ----- -------
00000000    00000000    00002390   00002390    r-x
  00000000    00000000    000000e4   000000e4    r-- .intvecs
  000000e4    000000e4    000021cc   000021cc    r-x .text
  000022b0    000022b0    000000a5   000000a5    r-- .const
  00002358    00002358    00000038   00000038    r-- .cinit
20000000    20000000    00000013   00000000    rw-
  20000000    20000000    0000000c   00000000    rw- .data
  2000000c    2000000c    00000007   00000000    rw- .bss
2000fe00    2000fe00    00000200   00000000    rw-
  2000fe00    2000fe00    00000200   00000000    rw- .stack


SECTION ALLOCATION MAP

 output                                  attributes/
section   page    origin      length       input sections
--------  ----  ----------  ----------   ----------------
.intvecs   0    00000000    000000e4     
                  00000000    000000e4     startup_msp432p401r_ccs.obj (.intvecs:retain)

.text      0    000000e4    000021cc     
                  000000e4    00000c5c     msprf24.obj (.text)
                  00000d40    00000334     system_msp432p401r.obj (.text)
                  00001074    000002f4     main.obj (.text)
                  00001368    0000028a     msp432p4xx_driverlib.lib : pcm.o (.text:__PCM_setPowerStateAdvanced)
                  000015f2    00000002     --HOLE-- [fill = 0]
                  000015f4    0000015c                              : pcm.o (.text:__PCM_setPowerModeAdvanced)
                  00001750    00000144                              : timer_a.o (.text:privateTimer_AProcessClockSourceDivider)
                  00001894    00000108                              : pcm.o (.text:__PCM_setCoreVoltageLevelAdvanced)
                  0000199c    000000b0                              : spi.o (.text:SPI_initMaster)
                  00001a4c    0000009c     rtsv7M4_T_le_v4SPD16_eabi.lib : memcpy_t2.asm.obj (.text)
                  00001ae8    00000088     msp432p4xx_driverlib.lib : gpio.o (.text:GPIO_setAsPeripheralModuleFunctionInputPin)
                  00001b70    00000088                              : gpio.o (.text:GPIO_setAsPeripheralModuleFunctionOutputPin)
                  00001bf8    00000084                              : pcm.o (.text:PCM_gotoLPM3)
                  00001c7c    00000080                              : interrupt.o (.text:Interrupt_enableInterrupt)
                  00001cfc    00000074                              : timer_a.o (.text:Timer_A_generatePWM)
                  00001d70    00000068                              : timer_a.o (.text:Timer_A_configureUpMode)
                  00001dd8    00000068     rtsv7M4_T_le_v4SPD16_eabi.lib : copy_decompress_lzss.c.obj (.text:decompress:lzss:__TI_decompress_lzss)
                  00001e40    0000005e     msp432p4xx_driverlib.lib : pcm.o (.text:PCM_getCoreVoltageLevel)
                  00001e9e    0000005a                              : pcm.o (.text:PCM_getPowerMode)
                  00001ef8    00000054                              : pcm.o (.text:PCM_shutdownDevice)
                  00001f4c    00000044     rtsv7M4_T_le_v4SPD16_eabi.lib : autoinit.c.obj (.text:__TI_auto_init_nobinit_nopinit:__TI_auto_init_nobinit_nopinit)
                  00001f90    00000040     msp432p4xx_driverlib.lib : gpio.o (.text:GPIO_setAsOutputPin)
                  00001fd0    00000040                              : spi.o (.text:is_A_Module)
                  00002010    00000038                              : timer_a.o (.text:Timer_A_getCaptureCompareEnabledInterruptStatus)
                  00002048    00000034     rtsv7M4_T_le_v4SPD16_eabi.lib : boot_cortex_m.c.obj (.text:_c_int00_noargs:_c_int00_noargs)
                  0000207c    0000002c     msp432p4xx_driverlib.lib : rtc_c.o (.text:RTC_C_holdClock)
                  000020a8    0000002c                              : timer_a.o (.text:Timer_A_clearCaptureCompareInterrupt)
                  000020d4    00000028                              : gpio.o (.text:GPIO_toggleOutputOnPin)
                  000020fc    00000028                              : pcm.o (.text:PCM_gotoLPM0)
                  00002124    00000028                              : timer_a.o (.text:Timer_A_getCaptureCompareInterruptStatus)
                  0000214c    00000028                              : timer_a.o (.text:Timer_A_setCompareValue)
                  00002174    00000024                              : wdt_a.o (.text:WDT_A_holdTimer)
                  00002198    0000001c                              : spi.o (.text:SPI_enableModule)
                  000021b4    0000001c     rtsv7M4_T_le_v4SPD16_eabi.lib : copy_zero_init.c.obj (.text:decompress:ZI:__TI_zero_init_nomemset:__TI_zero_init_nomemset)
                  000021d0    00000016     msp432p4xx_driverlib.lib : spi.o (.text:EUSCI_A_SPI_enable)
                  000021e6    00000016                              : spi.o (.text:EUSCI_B_SPI_enable)
                  000021fc    00000016                              : timer_a.o (.text:Timer_A_startCounter)
                  00002212    00000002     --HOLE-- [fill = 0]
                  00002214    00000014                              : pcm.o (.text:PCM_getPowerState)
                  00002228    00000010                              : interrupt.o (.text:Interrupt_enableMaster)
                  00002238    00000010                              : pcm.o (.text:PCM_gotoLPM4)
                  00002248    00000010                              : pcm.o (.text:PCM_setPowerMode)
                  00002258    00000010                              : pcm.o (.text:PCM_setPowerState)
                  00002268    00000010     msprf24.obj (.text:_msprf24_crc_mask)
                  00002278    0000000e     rtsv7M4_T_le_v4SPD16_eabi.lib : copy_decompress_none.c.obj (.text:decompress:none:__TI_decompress_none)
                  00002286    0000000e     startup_msp432p401r_ccs.obj (.text)
                  00002294    0000000c     msp432p4xx_driverlib.lib : cpu.o (.text:CPU_cpsie)
                  000022a0    00000004                              : cpu.o (.text:CPU_wfi)
                  000022a4    00000004     msprf24.obj (.text:_msprf24_irq_mask)
                  000022a8    00000004     rtsv7M4_T_le_v4SPD16_eabi.lib : pre_init.c.obj (.text:_system_pre_init)
                  000022ac    00000004                                   : exit.c.obj (.text:abort:abort)

.const     0    000022b0    000000a5     
                  000022b0    00000030     msp432p4xx_driverlib.lib : gpio.o (.const:GPIO_PORT_TO_BASE)
                  000022e0    0000001c     main.obj (.const:spiMasterConfig)
                  000022fc    00000018     main.obj (.const:pwmConfigA0_power)
                  00002314    00000018     main.obj (.const:pwmConfigA0_wheels)
                  0000232c    00000018     main.obj (.const:timerConfigA1)
                  00002344    00000008     msp432p4xx_driverlib.lib : interrupt.o (.const:g_pulEnRegs)
                  0000234c    00000005     main.obj (.const:.string:$P$T0$1)
                  00002351    00000004     main.obj (.const:.string:$P$T1$2)

.cinit     0    00002358    00000038     
                  00002358    00000011     (.cinit..data.load) [load image, compression = lzss]
                  00002369    00000003     --HOLE-- [fill = 0]
                  0000236c    0000000c     (__TI_handler_table)
                  00002378    00000008     (.cinit..bss.load) [load image, compression = zero_init]
                  00002380    00000010     (__TI_cinit_table)

.init_array 
*          0    00000000    00000000     UNINITIALIZED

.binit     0    00000000    00000000     

.data      0    20000000    0000000c     UNINITIALIZED
                  20000000    00000006     main.obj (.data)
                  20000006    00000002     --HOLE--
                  20000008    00000004     system_msp432p401r.obj (.data)

.bss       0    2000000c    00000007     UNINITIALIZED
                  2000000c    00000001     (.common:rf_addr_width)
                  2000000d    00000001     (.common:rf_channel)
                  2000000e    00000001     (.common:rf_crc)
                  2000000f    00000001     (.common:rf_feature)
                  20000010    00000001     (.common:rf_irq)
                  20000011    00000001     (.common:rf_speed_power)
                  20000012    00000001     (.common:rf_status)

.stack     0    2000fe00    00000200     UNINITIALIZED
                  2000fe00    00000004     rtsv7M4_T_le_v4SPD16_eabi.lib : boot_cortex_m.c.obj (.stack)
                  2000fe04    000001fc     --HOLE--

__llvm_prf_cnts 
*          0    20000000    00000000     UNINITIALIZED

MODULE SUMMARY

       Module                        code   ro data   rw data
       ------                        ----   -------   -------
    ./
       msprf24.obj                   3184   0         14     
       main.obj                      756    109       12     
       system_msp432p401r.obj        820    0         8      
       startup_msp432p401r_ccs.obj   14     228       0      
    +--+-----------------------------+------+---------+---------+
       Total:                        4774   337       34     
                                                             
    /Applications/ti/ccs1040_2/ccs/tools/compiler/ti-cgt-arm_20.2.5.LTS/lib/rtsv7M4_T_le_v4SPD16_eabi.lib
       memcpy_t2.asm.obj             156    0         0      
       copy_decompress_lzss.c.obj    104    0         0      
       autoinit.c.obj                68     0         0      
       boot_cortex_m.c.obj           52     0         0      
       copy_zero_init.c.obj          28     0         0      
       copy_decompress_none.c.obj    14     0         0      
       exit.c.obj                    4      0         0      
       pre_init.c.obj                4      0         0      
    +--+-----------------------------+------+---------+---------+
       Total:                        430    0         0      
                                                             
    /Applications/ti/ccs1040_2/simplelink_msp432p4_sdk_3_40_01_02/source/ti/devices/msp432p4xx/driverlib/ccs/msp432p4xx_driverlib.lib
       pcm.o                         1770   0         0      
       timer_a.o                     746    0         0      
       gpio.o                        376    48        0      
       spi.o                         312    0         0      
       interrupt.o                   144    8         0      
       rtc_c.o                       44     0         0      
       wdt_a.o                       36     0         0      
       cpu.o                         16     0         0      
    +--+-----------------------------+------+---------+---------+
       Total:                        3444   56        0      
                                                             
       Stack:                        0      0         1024   
       Linker Generated:             0      53        0      
    +--+-----------------------------+------+---------+---------+
       Grand Total:                  8648   446       1058   


LINKER GENERATED COPY TABLES

__TI_cinit_table @ 00002380 records: 2, size/record: 8, table size: 16
	.data: load addr=00002358, load size=00000011 bytes, run addr=20000000, run size=0000000c bytes, compression=lzss
	.bss: load addr=00002378, load size=00000008 bytes, run addr=2000000c, run size=00000007 bytes, compression=zero_init


LINKER GENERATED HANDLER TABLE

__TI_handler_table @ 0000236c records: 3, size/record: 4, table size: 12
	index: 0, handler: __TI_decompress_lzss
	index: 1, handler: __TI_decompress_none
	index: 2, handler: __TI_zero_init


GLOBAL SYMBOLS: SORTED ALPHABETICALLY BY Name 

address   name                                           
-------   ----                                           
00002293  ADC14_IRQHandler                               
00002293  AES256_IRQHandler                              
00002293  BusFault_Handler                               
000022ad  C$$EXIT                                        
00002293  COMP_E0_IRQHandler                             
00002293  COMP_E1_IRQHandler                             
00002295  CPU_cpsie                                      
000022a1  CPU_wfi                                        
00002293  CS_IRQHandler                                  
00002293  DMA_ERR_IRQHandler                             
00002293  DMA_INT0_IRQHandler                            
00002293  DMA_INT1_IRQHandler                            
00002293  DMA_INT2_IRQHandler                            
00002293  DMA_INT3_IRQHandler                            
00002293  DebugMon_Handler                               
00002293  Default_Handler                                
00002293  EUSCIA0_IRQHandler                             
00002293  EUSCIA1_IRQHandler                             
00002293  EUSCIA2_IRQHandler                             
00002293  EUSCIA3_IRQHandler                             
00002293  EUSCIB0_IRQHandler                             
00002293  EUSCIB1_IRQHandler                             
00002293  EUSCIB2_IRQHandler                             
00002293  EUSCIB3_IRQHandler                             
000021d1  EUSCI_A_SPI_enable                             
000021e7  EUSCI_B_SPI_enable                             
00002293  FLCTL_IRQHandler                               
00002293  FPU_IRQHandler                                 
00001f91  GPIO_setAsOutputPin                            
00001ae9  GPIO_setAsPeripheralModuleFunctionInputPin     
00001b71  GPIO_setAsPeripheralModuleFunctionOutputPin    
000020d5  GPIO_toggleOutputOnPin                         
00002293  HardFault_Handler                              
00001c7d  Interrupt_enableInterrupt                      
00002229  Interrupt_enableMaster                         
00002293  MemManage_Handler                              
00002293  NMI_Handler                                    
00002293  PCM_IRQHandler                                 
00001e41  PCM_getCoreVoltageLevel                        
00001e9f  PCM_getPowerMode                               
00002215  PCM_getPowerState                              
000020fd  PCM_gotoLPM0                                   
00001bf9  PCM_gotoLPM3                                   
00002239  PCM_gotoLPM4                                   
00002249  PCM_setPowerMode                               
00002259  PCM_setPowerState                              
00001ef9  PCM_shutdownDevice                             
00002293  PORT1_IRQHandler                               
00002293  PORT2_IRQHandler                               
00000d0b  PORT3_IRQHandler                               
00000d0b  PORT3_IRQHandler                               
00002293  PORT4_IRQHandler                               
00002293  PORT5_IRQHandler                               
00002293  PORT6_IRQHandler                               
00002293  PSS_IRQHandler                                 
00002293  PendSV_Handler                                 
00002293  RTC_C_IRQHandler                               
0000207d  RTC_C_holdClock                                
00002287  Reset_Handler                                  
00002199  SPI_enableModule                               
0000199d  SPI_initMaster                                 
00002293  SVC_Handler                                    
00002293  SysTick_Handler                                
20000008  SystemCoreClock                                
00000d41  SystemCoreClockUpdate                          
00000fb9  SystemInit                                     
00002293  T32_INT1_IRQHandler                            
00002293  T32_INT2_IRQHandler                            
00002293  T32_INTC_IRQHandler                            
00002293  TA0_0_IRQHandler                               
00002293  TA0_N_IRQHandler                               
000012eb  TA1_0_IRQHandler                               
000012eb  TA1_0_IRQHandler                               
00002293  TA1_N_IRQHandler                               
00002293  TA2_0_IRQHandler                               
00002293  TA2_N_IRQHandler                               
00002293  TA3_0_IRQHandler                               
00002293  TA3_N_IRQHandler                               
000020a9  Timer_A_clearCaptureCompareInterrupt           
00001d71  Timer_A_configureUpMode                        
00001cfd  Timer_A_generatePWM                            
00002011  Timer_A_getCaptureCompareEnabledInterruptStatus
00002125  Timer_A_getCaptureCompareInterruptStatus       
0000214d  Timer_A_setCompareValue                        
000021fd  Timer_A_startCounter                           
00002293  UsageFault_Handler                             
4000480c  WDTCTL_SYM                                     
00002293  WDT_A_IRQHandler                               
00002175  WDT_A_holdTimer                                
20010000  __STACK_END                                    
00000200  __STACK_SIZE                                   
00002380  __TI_CINIT_Base                                
00002390  __TI_CINIT_Limit                               
0000236c  __TI_Handler_Table_Base                        
00002378  __TI_Handler_Table_Limit                       
00001f4d  __TI_auto_init_nobinit_nopinit                 
00001dd9  __TI_decompress_lzss                           
00002279  __TI_decompress_none                           
ffffffff  __TI_pprof_out_hndl                            
ffffffff  __TI_prof_data_size                            
ffffffff  __TI_prof_data_start                           
00000000  __TI_static_base__                             
000021b5  __TI_zero_init_nomemset                        
00001a4d  __aeabi_memcpy                                 
00001a4d  __aeabi_memcpy4                                
00001a4d  __aeabi_memcpy8                                
ffffffff  __binit__                                      
ffffffff  __c_args__                                     
UNDEFED   __mpu_init                                     
2000fe00  __stack                                        
20000000  __start___llvm_prf_cnts                        
20000000  __stop___llvm_prf_cnts                         
00002049  _c_int00_noargs                                
00002269  _msprf24_crc_mask                              
000022a5  _msprf24_irq_mask                              
UNDEFED   _system_post_cinit                             
000022a9  _system_pre_init                               
000022ad  abort                                          
ffffffff  binit                                          
20000000  check                                          
00001153  comm_init                                      
000004a3  flush_rx                                       
00000481  flush_tx                                       
00000000  interruptVectors                               
000011a1  main                                           
00001a4d  memcpy                                         
00000b5f  msprf24_activate_rx                            
00000b83  msprf24_activate_tx                            
0000071b  msprf24_close_pipe                             
00000777  msprf24_close_pipe_all                         
00000aa5  msprf24_current_state                          
000006eb  msprf24_disable_feature                        
000006b1  msprf24_enable_feature                         
00000c55  msprf24_get_irq_reason                         
000009bb  msprf24_get_last_retransmits                   
000009c9  msprf24_get_lostpackets                        
000005d1  msprf24_init                                   
00000c95  msprf24_irq_clear                              
000009d7  msprf24_is_alive                               
0000079d  msprf24_open_pipe                              
00000817  msprf24_pipe_isopen                            
00000b01  msprf24_powerdown                              
00000b97  msprf24_queue_state                            
00000c21  msprf24_rx_pending                             
00000ba1  msprf24_scan                                   
00000a7f  msprf24_set_address_width                      
00000a5f  msprf24_set_channel                            
00000a01  msprf24_set_config                             
00000853  msprf24_set_pipe_packetsize                    
00000991  msprf24_set_retransmit_count                   
000008f5  msprf24_set_retransmit_delay                   
00000a31  msprf24_set_speed_power                        
00000b1d  msprf24_standby                                
20000004  power_duty                                     
000004eb  pulse_ce                                       
000022fc  pwmConfigA0_power                              
00002314  pwmConfigA0_wheels                             
000000e5  r_reg                                          
000003b9  r_rx_payload                                   
0000037d  r_rx_peek_payload_size                         
2000000c  rf_addr_width                                  
2000000d  rf_channel                                     
2000000e  rf_crc                                         
2000000f  rf_feature                                     
20000010  rf_irq                                         
20000011  rf_speed_power                                 
20000012  rf_status                                      
000022e0  spiMasterConfig                                
000010e1  spi_init                                       
00001075  spi_transfer                                   
00001097  spi_transfer16                                 
0000232c  timerConfigA1                                  
00001111  timer_init                                     
000004c9  tx_reuse_lastpayload                           
0000050d  w_ack_payload                                  
0000012f  w_reg                                          
000001c3  w_rx_addr                                      
0000017b  w_tx_addr                                      
00000239  w_tx_payload                                   
000002d7  w_tx_payload_noack                             
20000002  wheels_duty                                    


GLOBAL SYMBOLS: SORTED BY Symbol Address 

address   name                                           
-------   ----                                           
00000000  __TI_static_base__                             
00000000  interruptVectors                               
000000e5  r_reg                                          
0000012f  w_reg                                          
0000017b  w_tx_addr                                      
000001c3  w_rx_addr                                      
00000200  __STACK_SIZE                                   
00000239  w_tx_payload                                   
000002d7  w_tx_payload_noack                             
0000037d  r_rx_peek_payload_size                         
000003b9  r_rx_payload                                   
00000481  flush_tx                                       
000004a3  flush_rx                                       
000004c9  tx_reuse_lastpayload                           
000004eb  pulse_ce                                       
0000050d  w_ack_payload                                  
000005d1  msprf24_init                                   
000006b1  msprf24_enable_feature                         
000006eb  msprf24_disable_feature                        
0000071b  msprf24_close_pipe                             
00000777  msprf24_close_pipe_all                         
0000079d  msprf24_open_pipe                              
00000817  msprf24_pipe_isopen                            
00000853  msprf24_set_pipe_packetsize                    
000008f5  msprf24_set_retransmit_delay                   
00000991  msprf24_set_retransmit_count                   
000009bb  msprf24_get_last_retransmits                   
000009c9  msprf24_get_lostpackets                        
000009d7  msprf24_is_alive                               
00000a01  msprf24_set_config                             
00000a31  msprf24_set_speed_power                        
00000a5f  msprf24_set_channel                            
00000a7f  msprf24_set_address_width                      
00000aa5  msprf24_current_state                          
00000b01  msprf24_powerdown                              
00000b1d  msprf24_standby                                
00000b5f  msprf24_activate_rx                            
00000b83  msprf24_activate_tx                            
00000b97  msprf24_queue_state                            
00000ba1  msprf24_scan                                   
00000c21  msprf24_rx_pending                             
00000c55  msprf24_get_irq_reason                         
00000c95  msprf24_irq_clear                              
00000d0b  PORT3_IRQHandler                               
00000d0b  PORT3_IRQHandler                               
00000d41  SystemCoreClockUpdate                          
00000fb9  SystemInit                                     
00001075  spi_transfer                                   
00001097  spi_transfer16                                 
000010e1  spi_init                                       
00001111  timer_init                                     
00001153  comm_init                                      
000011a1  main                                           
000012eb  TA1_0_IRQHandler                               
000012eb  TA1_0_IRQHandler                               
0000199d  SPI_initMaster                                 
00001a4d  __aeabi_memcpy                                 
00001a4d  __aeabi_memcpy4                                
00001a4d  __aeabi_memcpy8                                
00001a4d  memcpy                                         
00001ae9  GPIO_setAsPeripheralModuleFunctionInputPin     
00001b71  GPIO_setAsPeripheralModuleFunctionOutputPin    
00001bf9  PCM_gotoLPM3                                   
00001c7d  Interrupt_enableInterrupt                      
00001cfd  Timer_A_generatePWM                            
00001d71  Timer_A_configureUpMode                        
00001dd9  __TI_decompress_lzss                           
00001e41  PCM_getCoreVoltageLevel                        
00001e9f  PCM_getPowerMode                               
00001ef9  PCM_shutdownDevice                             
00001f4d  __TI_auto_init_nobinit_nopinit                 
00001f91  GPIO_setAsOutputPin                            
00002011  Timer_A_getCaptureCompareEnabledInterruptStatus
00002049  _c_int00_noargs                                
0000207d  RTC_C_holdClock                                
000020a9  Timer_A_clearCaptureCompareInterrupt           
000020d5  GPIO_toggleOutputOnPin                         
000020fd  PCM_gotoLPM0                                   
00002125  Timer_A_getCaptureCompareInterruptStatus       
0000214d  Timer_A_setCompareValue                        
00002175  WDT_A_holdTimer                                
00002199  SPI_enableModule                               
000021b5  __TI_zero_init_nomemset                        
000021d1  EUSCI_A_SPI_enable                             
000021e7  EUSCI_B_SPI_enable                             
000021fd  Timer_A_startCounter                           
00002215  PCM_getPowerState                              
00002229  Interrupt_enableMaster                         
00002239  PCM_gotoLPM4                                   
00002249  PCM_setPowerMode                               
00002259  PCM_setPowerState                              
00002269  _msprf24_crc_mask                              
00002279  __TI_decompress_none                           
00002287  Reset_Handler                                  
00002293  ADC14_IRQHandler                               
00002293  AES256_IRQHandler                              
00002293  BusFault_Handler                               
00002293  COMP_E0_IRQHandler                             
00002293  COMP_E1_IRQHandler                             
00002293  CS_IRQHandler                                  
00002293  DMA_ERR_IRQHandler                             
00002293  DMA_INT0_IRQHandler                            
00002293  DMA_INT1_IRQHandler                            
00002293  DMA_INT2_IRQHandler                            
00002293  DMA_INT3_IRQHandler                            
00002293  DebugMon_Handler                               
00002293  Default_Handler                                
00002293  EUSCIA0_IRQHandler                             
00002293  EUSCIA1_IRQHandler                             
00002293  EUSCIA2_IRQHandler                             
00002293  EUSCIA3_IRQHandler                             
00002293  EUSCIB0_IRQHandler                             
00002293  EUSCIB1_IRQHandler                             
00002293  EUSCIB2_IRQHandler                             
00002293  EUSCIB3_IRQHandler                             
00002293  FLCTL_IRQHandler                               
00002293  FPU_IRQHandler                                 
00002293  HardFault_Handler                              
00002293  MemManage_Handler                              
00002293  NMI_Handler                                    
00002293  PCM_IRQHandler                                 
00002293  PORT1_IRQHandler                               
00002293  PORT2_IRQHandler                               
00002293  PORT4_IRQHandler                               
00002293  PORT5_IRQHandler                               
00002293  PORT6_IRQHandler                               
00002293  PSS_IRQHandler                                 
00002293  PendSV_Handler                                 
00002293  RTC_C_IRQHandler                               
00002293  SVC_Handler                                    
00002293  SysTick_Handler                                
00002293  T32_INT1_IRQHandler                            
00002293  T32_INT2_IRQHandler                            
00002293  T32_INTC_IRQHandler                            
00002293  TA0_0_IRQHandler                               
00002293  TA0_N_IRQHandler                               
00002293  TA1_N_IRQHandler                               
00002293  TA2_0_IRQHandler                               
00002293  TA2_N_IRQHandler                               
00002293  TA3_0_IRQHandler                               
00002293  TA3_N_IRQHandler                               
00002293  UsageFault_Handler                             
00002293  WDT_A_IRQHandler                               
00002295  CPU_cpsie                                      
000022a1  CPU_wfi                                        
000022a5  _msprf24_irq_mask                              
000022a9  _system_pre_init                               
000022ad  C$$EXIT                                        
000022ad  abort                                          
000022e0  spiMasterConfig                                
000022fc  pwmConfigA0_power                              
00002314  pwmConfigA0_wheels                             
0000232c  timerConfigA1                                  
0000236c  __TI_Handler_Table_Base                        
00002378  __TI_Handler_Table_Limit                       
00002380  __TI_CINIT_Base                                
00002390  __TI_CINIT_Limit                               
20000000  __start___llvm_prf_cnts                        
20000000  __stop___llvm_prf_cnts                         
20000000  check                                          
20000002  wheels_duty                                    
20000004  power_duty                                     
20000008  SystemCoreClock                                
2000000c  rf_addr_width                                  
2000000d  rf_channel                                     
2000000e  rf_crc                                         
2000000f  rf_feature                                     
20000010  rf_irq                                         
20000011  rf_speed_power                                 
20000012  rf_status                                      
2000fe00  __stack                                        
20010000  __STACK_END                                    
4000480c  WDTCTL_SYM                                     
ffffffff  __TI_pprof_out_hndl                            
ffffffff  __TI_prof_data_size                            
ffffffff  __TI_prof_data_start                           
ffffffff  __binit__                                      
ffffffff  __c_args__                                     
ffffffff  binit                                          
UNDEFED   __mpu_init                                     
UNDEFED   _system_post_cinit                             

[181 symbols]
